Archive member included to satisfy reference by file (symbol)

c:/st/stm32cubeide_1.5.1/stm32cubeide/plugins/com.st.stm32cube.ide.mcu.externaltools.gnu-tools-for-stm32.7-2018-q2-update.win32_1.5.0.202011040924/tools/bin/../lib/gcc/arm-none-eabi/7.3.1/../../../../arm-none-eabi/lib/thumb/v7e-m/fpv4-sp/hard\libc_nano.a(lib_a-errno.o)
                              Core/Src/syscalls.o (__errno)
c:/st/stm32cubeide_1.5.1/stm32cubeide/plugins/com.st.stm32cube.ide.mcu.externaltools.gnu-tools-for-stm32.7-2018-q2-update.win32_1.5.0.202011040924/tools/bin/../lib/gcc/arm-none-eabi/7.3.1/../../../../arm-none-eabi/lib/thumb/v7e-m/fpv4-sp/hard\libc_nano.a(lib_a-exit.o)
                              c:/st/stm32cubeide_1.5.1/stm32cubeide/plugins/com.st.stm32cube.ide.mcu.externaltools.gnu-tools-for-stm32.7-2018-q2-update.win32_1.5.0.202011040924/tools/bin/../lib/gcc/arm-none-eabi/7.3.1/../../../../arm-none-eabi/lib/thumb/v7e-m/fpv4-sp/hard/crt0.o (exit)
c:/st/stm32cubeide_1.5.1/stm32cubeide/plugins/com.st.stm32cube.ide.mcu.externaltools.gnu-tools-for-stm32.7-2018-q2-update.win32_1.5.0.202011040924/tools/bin/../lib/gcc/arm-none-eabi/7.3.1/../../../../arm-none-eabi/lib/thumb/v7e-m/fpv4-sp/hard\libc_nano.a(lib_a-impure.o)
                              c:/st/stm32cubeide_1.5.1/stm32cubeide/plugins/com.st.stm32cube.ide.mcu.externaltools.gnu-tools-for-stm32.7-2018-q2-update.win32_1.5.0.202011040924/tools/bin/../lib/gcc/arm-none-eabi/7.3.1/../../../../arm-none-eabi/lib/thumb/v7e-m/fpv4-sp/hard\libc_nano.a(lib_a-exit.o) (_global_impure_ptr)
c:/st/stm32cubeide_1.5.1/stm32cubeide/plugins/com.st.stm32cube.ide.mcu.externaltools.gnu-tools-for-stm32.7-2018-q2-update.win32_1.5.0.202011040924/tools/bin/../lib/gcc/arm-none-eabi/7.3.1/../../../../arm-none-eabi/lib/thumb/v7e-m/fpv4-sp/hard\libc_nano.a(lib_a-init.o)
                              c:/st/stm32cubeide_1.5.1/stm32cubeide/plugins/com.st.stm32cube.ide.mcu.externaltools.gnu-tools-for-stm32.7-2018-q2-update.win32_1.5.0.202011040924/tools/bin/../lib/gcc/arm-none-eabi/7.3.1/../../../../arm-none-eabi/lib/thumb/v7e-m/fpv4-sp/hard/crt0.o (__libc_init_array)
c:/st/stm32cubeide_1.5.1/stm32cubeide/plugins/com.st.stm32cube.ide.mcu.externaltools.gnu-tools-for-stm32.7-2018-q2-update.win32_1.5.0.202011040924/tools/bin/../lib/gcc/arm-none-eabi/7.3.1/../../../../arm-none-eabi/lib/thumb/v7e-m/fpv4-sp/hard\libc_nano.a(lib_a-memcpy-stub.o)
                              Core/Src/Flash_F405.o (memcpy)
c:/st/stm32cubeide_1.5.1/stm32cubeide/plugins/com.st.stm32cube.ide.mcu.externaltools.gnu-tools-for-stm32.7-2018-q2-update.win32_1.5.0.202011040924/tools/bin/../lib/gcc/arm-none-eabi/7.3.1/../../../../arm-none-eabi/lib/thumb/v7e-m/fpv4-sp/hard\libc_nano.a(lib_a-memset.o)
                              c:/st/stm32cubeide_1.5.1/stm32cubeide/plugins/com.st.stm32cube.ide.mcu.externaltools.gnu-tools-for-stm32.7-2018-q2-update.win32_1.5.0.202011040924/tools/bin/../lib/gcc/arm-none-eabi/7.3.1/../../../../arm-none-eabi/lib/thumb/v7e-m/fpv4-sp/hard/crt0.o (memset)
c:/st/stm32cubeide_1.5.1/stm32cubeide/plugins/com.st.stm32cube.ide.mcu.externaltools.gnu-tools-for-stm32.7-2018-q2-update.win32_1.5.0.202011040924/tools/bin/../lib/gcc/arm-none-eabi/7.3.1/../../../../arm-none-eabi/lib/thumb/v7e-m/fpv4-sp/hard\libc_nano.a(lib_a-vsprintf.o)
                              Core/Src/AQM0802.o (vsprintf)
c:/st/stm32cubeide_1.5.1/stm32cubeide/plugins/com.st.stm32cube.ide.mcu.externaltools.gnu-tools-for-stm32.7-2018-q2-update.win32_1.5.0.202011040924/tools/bin/../lib/gcc/arm-none-eabi/7.3.1/../../../../arm-none-eabi/lib/thumb/v7e-m/fpv4-sp/hard\libc_nano.a(lib_a-nano-svfprintf.o)
                              c:/st/stm32cubeide_1.5.1/stm32cubeide/plugins/com.st.stm32cube.ide.mcu.externaltools.gnu-tools-for-stm32.7-2018-q2-update.win32_1.5.0.202011040924/tools/bin/../lib/gcc/arm-none-eabi/7.3.1/../../../../arm-none-eabi/lib/thumb/v7e-m/fpv4-sp/hard\libc_nano.a(lib_a-vsprintf.o) (_svfprintf_r)
c:/st/stm32cubeide_1.5.1/stm32cubeide/plugins/com.st.stm32cube.ide.mcu.externaltools.gnu-tools-for-stm32.7-2018-q2-update.win32_1.5.0.202011040924/tools/bin/../lib/gcc/arm-none-eabi/7.3.1/../../../../arm-none-eabi/lib/thumb/v7e-m/fpv4-sp/hard\libc_nano.a(lib_a-nano-vfprintf_i.o)
                              c:/st/stm32cubeide_1.5.1/stm32cubeide/plugins/com.st.stm32cube.ide.mcu.externaltools.gnu-tools-for-stm32.7-2018-q2-update.win32_1.5.0.202011040924/tools/bin/../lib/gcc/arm-none-eabi/7.3.1/../../../../arm-none-eabi/lib/thumb/v7e-m/fpv4-sp/hard\libc_nano.a(lib_a-nano-svfprintf.o) (_printf_i)
c:/st/stm32cubeide_1.5.1/stm32cubeide/plugins/com.st.stm32cube.ide.mcu.externaltools.gnu-tools-for-stm32.7-2018-q2-update.win32_1.5.0.202011040924/tools/bin/../lib/gcc/arm-none-eabi/7.3.1/../../../../arm-none-eabi/lib/thumb/v7e-m/fpv4-sp/hard\libc_nano.a(lib_a-memchr.o)
[...]
Memory Configuration

Name             Origin             Length             Attributes
CCMRAM           0x0000000010000000 0x0000000000010000 xrw
RAM              0x0000000020000000 0x0000000000020000 xrw
FLASH            0x0000000008000000 0x0000000000100000 xr
*default*        0x0000000000000000 0xffffffffffffffff

Linker script and memory map

LOAD c:/st/stm32cubeide_1.5.1/stm32cubeide/plugins/com.st.stm32cube.ide.mcu.externaltools.gnu-tools-for-stm32.7-2018-q2-update.win32_1.5.0.202011040924/tools/bin/../lib/gcc/arm-none-eabi/7.3.1/thumb/v7e-m/fpv4-sp/hard/crti.o
LOAD c:/st/stm32cubeide_1.5.1/stm32cubeide/plugins/com.st.stm32cube.ide.mcu.externaltools.gnu-tools-for-stm32.7-2018-q2-update.win32_1.5.0.202011040924/tools/bin/../lib/gcc/arm-none-eabi/7.3.1/thumb/v7e-m/fpv4-sp/hard/crtbegin.o
LOAD c:/st/stm32cubeide_1.5.1/stm32cubeide/plugins/com.st.stm32cube.ide.mcu.externaltools.gnu-tools-for-stm32.7-2018-q2-update.win32_1.5.0.202011040924/tools/bin/../lib/gcc/arm-none-eabi/7.3.1/../../../../arm-none-eabi/lib/thumb/v7e-m/fpv4-sp/hard/crt0.o
LOAD Core/Src/AQM0802.o
LOAD Core/Src/Flash_F405.o
LOAD Core/Src/ICM20648.o
LOAD Core/Src/INA260.o
LOAD Core/Src/main.o
LOAD Core/Src/motor_control.o
LOAD Core/Src/sensor.o
LOAD Core/Src/setup.o
LOAD Core/Src/stm32f4xx_hal_msp.o
LOAD Core/Src/stm32f4xx_it.o
LOAD Core/Src/switch.o
LOAD Core/Src/syscalls.o
LOAD Core/Src/sysmem.o
LOAD Core/Src/system_stm32f4xx.o
LOAD Core/Startup/startup_stm32f405rgtx.o
LOAD Drivers/STM32F4xx_HAL_Driver/Src/stm32f4xx_hal.o
LOAD Drivers/STM32F4xx_HAL_Driver/Src/stm32f4xx_hal_adc.o
LOAD Drivers/STM32F4xx_HAL_Driver/Src/stm32f4xx_hal_adc_ex.o
LOAD Drivers/STM32F4xx_HAL_Driver/Src/stm32f4xx_hal_cortex.o
LOAD Drivers/STM32F4xx_HAL_Driver/Src/stm32f4xx_hal_dma.o
LOAD Drivers/STM32F4xx_HAL_Driver/Src/stm32f4xx_hal_dma_ex.o
LOAD Drivers/STM32F4xx_HAL_Driver/Src/stm32f4xx_hal_exti.o
LOAD Drivers/STM32F4xx_HAL_Driver/Src/stm32f4xx_hal_flash.o
LOAD Drivers/STM32F4xx_HAL_Driver/Src/stm32f4xx_hal_flash_ex.o
LOAD Drivers/STM32F4xx_HAL_Driver/Src/stm32f4xx_hal_flash_ramfunc.o
LOAD Drivers/STM32F4xx_HAL_Driver/Src/stm32f4xx_hal_gpio.o
LOAD Drivers/STM32F4xx_HAL_Driver/Src/stm32f4xx_hal_i2c.o
LOAD Drivers/STM32F4xx_HAL_Driver/Src/stm32f4xx_hal_i2c_ex.o
LOAD Drivers/STM32F4xx_HAL_Driver/Src/stm32f4xx_hal_pwr.o
LOAD Drivers/STM32F4xx_HAL_Driver/Src/stm32f4xx_hal_pwr_ex.o
LOAD Drivers/STM32F4xx_HAL_Driver/Src/stm32f4xx_hal_rcc.o
LOAD Drivers/STM32F4xx_HAL_Driver/Src/stm32f4xx_hal_rcc_ex.o
LOAD Drivers/STM32F4xx_HAL_Driver/Src/stm32f4xx_hal_spi.o
LOAD Drivers/STM32F4xx_HAL_Driver/Src/stm32f4xx_hal_tim.o
LOAD Drivers/STM32F4xx_HAL_Driver/Src/stm32f4xx_hal_tim_ex.o
LOAD Drivers/STM32F4xx_HAL_Driver/Src/stm32f4xx_hal_uart.o
START GROUP
LOAD c:/st/stm32cubeide_1.5.1/stm32cubeide/plugins/com.st.stm32cube.ide.mcu.externaltools.gnu-tools-for-stm32.7-2018-q2-update.win32_1.5.0.202011040924/tools/bin/../lib/gcc/arm-none-eabi/7.3.1/../../../../arm-none-eabi/lib/thumb/v7e-m/fpv4-sp/hard\libc_nano.a
LOAD c:/st/stm32cubeide_1.5.1/stm32cubeide/plugins/com.st.stm32cube.ide.mcu.externaltools.gnu-tools-for-stm32.7-2018-q2-update.win32_1.5.0.202011040924/tools/bin/../lib/gcc/arm-none-eabi/7.3.1/../../../../arm-none-eabi/lib/thumb/v7e-m/fpv4-sp/hard\libm.a
END GROUP
START GROUP
LOAD c:/st/stm32cubeide_1.5.1/stm32cubeide/plugins/com.st.stm32cube.ide.mcu.externaltools.gnu-tools-for-stm32.7-2018-q2-update.win32_1.5.0.202011040924/tools/bin/../lib/gcc/arm-none-eabi/7.3.1/thumb/v7e-m/fpv4-sp/hard\libgcc.a
LOAD c:/st/stm32cubeide_1.5.1/stm32cubeide/plugins/com.st.stm32cube.ide.mcu.externaltools.gnu-tools-for-stm32.7-2018-q2-update.win32_1.5.0.202011040924/tools/bin/../lib/gcc/arm-none-eabi/7.3.1/../../../../arm-none-eabi/lib/thumb/v7e-m/fpv4-sp/hard\libc_nano.a
END GROUP
START GROUP
LOAD c:/st/stm32cubeide_1.5.1/stm32cubeide/plugins/com.st.stm32cube.ide.mcu.externaltools.gnu-tools-for-stm32.7-2018-q2-update.win32_1.5.0.202011040924/tools/bin/../lib/gcc/arm-none-eabi/7.3.1/thumb/v7e-m/fpv4-sp/hard\libgcc.a
LOAD c:/st/stm32cubeide_1.5.1/stm32cubeide/plugins/com.st.stm32cube.ide.mcu.externaltools.gnu-tools-for-stm32.7-2018-q2-update.win32_1.5.0.202011040924/tools/bin/../lib/gcc/arm-none-eabi/7.3.1/../../../../arm-none-eabi/lib/thumb/v7e-m/fpv4-sp/hard\libc_nano.a
LOAD c:/st/stm32cubeide_1.5.1/stm32cubeide/plugins/com.st.stm32cube.ide.mcu.externaltools.gnu-tools-for-stm32.7-2018-q2-update.win32_1.5.0.202011040924/tools/bin/../lib/gcc/arm-none-eabi/7.3.1/../../../../arm-none-eabi/lib/thumb/v7e-m/fpv4-sp/hard\libnosys.a
END GROUP
START GROUP
LOAD c:/st/stm32cubeide_1.5.1/stm32cubeide/plugins/com.st.stm32cube.ide.mcu.externaltools.gnu-tools-for-stm32.7-2018-q2-update.win32_1.5.0.202011040924/tools/bin/../lib/gcc/arm-none-eabi/7.3.1/thumb/v7e-m/fpv4-sp/hard\libgcc.a
LOAD c:/st/stm32cubeide_1.5.1/stm32cubeide/plugins/com.st.stm32cube.ide.mcu.externaltools.gnu-tools-for-stm32.7-2018-q2-update.win32_1.5.0.202011040924/tools/bin/../lib/gcc/arm-none-eabi/7.3.1/../../../../arm-none-eabi/lib/thumb/v7e-m/fpv4-sp/hard\libc_nano.a
LOAD c:/st/stm32cubeide_1.5.1/stm32cubeide/plugins/com.st.stm32cube.ide.mcu.externaltools.gnu-tools-for-stm32.7-2018-q2-update.win32_1.5.0.202011040924/tools/bin/../lib/gcc/arm-none-eabi/7.3.1/../../../../arm-none-eabi/lib/thumb/v7e-m/fpv4-sp/hard\libnosys.a
END GROUP
LOAD c:/st/stm32cubeide_1.5.1/stm32cubeide/plugins/com.st.stm32cube.ide.mcu.externaltools.gnu-tools-for-stm32.7-2018-q2-update.win32_1.5.0.202011040924/tools/bin/../lib/gcc/arm-none-eabi/7.3.1/thumb/v7e-m/fpv4-sp/hard/crtend.o
LOAD c:/st/stm32cubeide_1.5.1/stm32cubeide/plugins/com.st.stm32cube.ide.mcu.externaltools.gnu-tools-for-stm32.7-2018-q2-update.win32_1.5.0.202011040924/tools/bin/../lib/gcc/arm-none-eabi/7.3.1/thumb/v7e-m/fpv4-sp/hard/crtn.o
                0x0000000020020000                _estack = (ORIGIN (RAM) + LENGTH (RAM))
                0x0000000000000200                _Min_Heap_Size = 0x200
                0x0000000000000400                _Min_Stack_Size = 0x400

.isr_vector     0x0000000008000000      0x188
                0x0000000008000000                . = ALIGN (0x4)
 *(.isr_vector)
 .isr_vector    0x0000000008000000      0x188 Core/Startup/startup_stm32f405rgtx.o
                0x0000000008000000                g_pfnVectors
                0x0000000008000188                . = ALIGN (0x4)

.text           0x0000000008000190     0x840c
                0x0000000008000190                . = ALIGN (0x4)
 *(.text)
 .text          0x0000000008000190       0x40 c:/st/stm32cubeide_1.5.1/stm32cubeide/plugins/com.st.stm32cube.ide.mcu.externaltools.gnu-tools-for-stm32.7-2018-q2-update.win32_1.5.0.202011040924/tools/bin/../lib/gcc/arm-none-eabi/7.3.1/thumb/v7e-m/fpv4-sp/hard/crtbegin.o
 .text          0x00000000080001d0       0xa0 c:/st/stm32cubeide_1.5.1/stm32cubeide/plugins/com.st.stm32cube.ide.mcu.externaltools.gnu-tools-for-stm32.7-2018-q2-update.win32_1.5.0.202011040924/tools/bin/../lib/gcc/arm-none-eabi/7.3.1/../../../../arm-none-eabi/lib/thumb/v7e-m/fpv4-sp/hard\libc_nano.a(lib_a-memchr.o)
                0x00000000080001d0                memchr
 .text          0x0000000008000270      0x378 c:/st/stm32cubeide_1.5.1/stm32cubeide/plugins/com.st.stm32cube.ide.mcu.externaltools.gnu-tools-for-stm32.7-2018-q2-update.win32_1.5.0.202011040924/tools/bin/../lib/gcc/arm-none-eabi/7.3.1/thumb/v7e-m/fpv4-sp/hard\libgcc.a(_arm_addsubdf3.o)
                0x0000000008000270                __aeabi_drsub
                0x0000000008000278                __aeabi_dsub
                0x0000000008000278                __subdf3
                0x000000000800027c                __aeabi_dadd
                0x000000000800027c                __adddf3
                0x00000000080004f4                __floatunsidf
                0x00000000080004f4                __aeabi_ui2d
                0x0000000008000514                __floatsidf
                0x0000000008000514                __aeabi_i2d
                0x0000000008000538                __aeabi_f2d
                0x0000000008000538                __extendsfdf2
                0x000000000800057c                __floatundidf
                0x000000000800057c                __aeabi_ul2d
                0x000000000800058c                __floatdidf
                0x000000000800058c                __aeabi_l2d
 .text          0x00000000080005e8      0x21c c:/st/stm32cubeide_1.5.1/stm32cubeide/plugins/com.st.stm32cube.ide.mcu.externaltools.gnu-tools-for-stm32.7-2018-q2-update.win32_1.5.0.202011040924/tools/bin/../lib/gcc/arm-none-eabi/7.3.1/thumb/v7e-m/fpv4-sp/hard\libgcc.a(_arm_addsubsf3.o)
                0x00000000080005e8                __aeabi_frsub
                0x00000000080005f0                __subsf3
                0x00000000080005f0                __aeabi_fsub
                0x00000000080005f4                __aeabi_fadd
                0x00000000080005f4                __addsf3
                0x0000000008000754                __aeabi_ui2f
                0x0000000008000754                __floatunsisf
                0x000000000800075c                __aeabi_i2f
                0x000000000800075c                __floatsisf
                0x0000000008000778                __aeabi_ul2f
                0x0000000008000778                __floatundisf
                0x0000000008000788                __aeabi_l2f
                0x0000000008000788                __floatdisf
 .text          0x0000000008000804       0x30 c:/st/stm32cubeide_1.5.1/stm32cubeide/plugins/com.st.stm32cube.ide.mcu.externaltools.gnu-tools-for-stm32.7-2018-q2-update.win32_1.5.0.202011040924/tools/bin/../lib/gcc/arm-none-eabi/7.3.1/thumb/v7e-m/fpv4-sp/hard\libgcc.a(_aeabi_uldivmod.o)
                0x0000000008000804                __aeabi_uldivmod
 .text          0x0000000008000834       0x24 c:/st/stm32cubeide_1.5.1/stm32cubeide/plugins/com.st.stm32cube.ide.mcu.externaltools.gnu-tools-for-stm32.7-2018-q2-update.win32_1.5.0.202011040924/tools/bin/../lib/gcc/arm-none-eabi/7.3.1/thumb/v7e-m/fpv4-sp/hard\libgcc.a(_fixsfdi.o)
                0x0000000008000834                __fixsfdi
                0x0000000008000834                __aeabi_f2lz
 .text          0x0000000008000858       0x48 c:/st/stm32cubeide_1.5.1/stm32cubeide/plugins/com.st.stm32cube.ide.mcu.externaltools.gnu-tools-for-stm32.7-2018-q2-update.win32_1.5.0.202011040924/tools/bin/../lib/gcc/arm-none-eabi/7.3.1/thumb/v7e-m/fpv4-sp/hard\libgcc.a(_fixunssfdi.o)
                0x0000000008000858                __fixunssfdi
                0x0000000008000858                __aeabi_f2ulz
 .text          0x00000000080008a0      0x2cc c:/st/stm32cubeide_1.5.1/stm32cubeide/plugins/com.st.stm32cube.ide.mcu.externaltools.gnu-tools-for-stm32.7-2018-q2-update.win32_1.5.0.202011040924/tools/bin/../lib/gcc/arm-none-eabi/7.3.1/thumb/v7e-m/fpv4-sp/hard\libgcc.a(_udivmoddi4.o)
                0x00000000080008a0                __udivmoddi4
 .text          0x0000000008000b6c        0x4 c:/st/stm32cubeide_1.5.1/stm32cubeide/plugins/com.st.stm32cube.ide.mcu.externaltools.gnu-tools-for-stm32.7-2018-q2-update.win32_1.5.0.202011040924/tools/bin/../lib/gcc/arm-none-eabi/7.3.1/thumb/v7e-m/fpv4-sp/hard\libgcc.a(_dvmd_tls.o)
                0x0000000008000b6c                __aeabi_idiv0
                0x0000000008000b6c                __aeabi_ldiv0
 .text          0x0000000008000b70      0x424 c:/st/stm32cubeide_1.5.1/stm32cubeide/plugins/com.st.stm32cube.ide.mcu.externaltools.gnu-tools-for-stm32.7-2018-q2-update.win32_1.5.0.202011040924/tools/bin/../lib/gcc/arm-none-eabi/7.3.1/thumb/v7e-m/fpv4-sp/hard\libgcc.a(_arm_muldivdf3.o)
                0x0000000008000b70                __aeabi_dmul
                0x0000000008000b70                __muldf3
                0x0000000008000dc4                __divdf3
                0x0000000008000dc4                __aeabi_ddiv
 .text          0x0000000008000f94       0x40 c:/st/stm32cubeide_1.5.1/stm32cubeide/plugins/com.st.stm32cube.ide.mcu.externaltools.gnu-tools-for-stm32.7-2018-q2-update.win32_1.5.0.202011040924/tools/bin/../lib/gcc/arm-none-eabi/7.3.1/thumb/v7e-m/fpv4-sp/hard\libgcc.a(_arm_fixunsdfsi.o)
                0x0000000008000f94                __aeabi_d2uiz
                0x0000000008000f94                __fixunsdfsi
 *(.text*)
 .text.lcd_cmd  0x0000000008000fd4       0x30 Core/Src/AQM0802.o
                0x0000000008000fd4                lcd_cmd
 .text.lcd_data
                0x0000000008001004       0x30 Core/Src/AQM0802.o
                0x0000000008001004                lcd_data
 .text.lcd_init
                0x0000000008001034       0x7a Core/Src/AQM0802.o
                0x0000000008001034                lcd_init
 .text.lcd_clear
                0x00000000080010ae       0x20 Core/Src/AQM0802.o
                0x00000000080010ae                lcd_clear
 .text.lcd_locate
                0x00000000080010ce       0x2a Core/Src/AQM0802.o
                0x00000000080010ce                lcd_locate
 .text.lcd_print
                0x00000000080010f8       0x2a Core/Src/AQM0802.o
                0x00000000080010f8                lcd_print
 .text.lcd_printf
                0x0000000008001122       0x40 Core/Src/AQM0802.o
                0x0000000008001122                lcd_printf
 .text.FLASH_EreaseSector
                0x0000000008001162       0x3e Core/Src/Flash_F405.o
                0x0000000008001162                FLASH_EreaseSector
 .text.INA260_read
                0x00000000080011a0       0x4c Core/Src/INA260.o
                0x00000000080011a0                INA260_read
 .text.init     0x00000000080011ec       0x88 Core/Src/main.o
                0x00000000080011ec                init
 .text.HAL_TIM_PeriodElapsedCallback
                0x0000000008001274       0xb8 Core/Src/main.o
                0x0000000008001274                HAL_TIM_PeriodElapsedCallback
 .text.main     0x000000000800132c       0x4e Core/Src/main.o
                0x000000000800132c                main
 *fill*         0x000000000800137a        0x2 
 .text.SystemClock_Config
                0x000000000800137c       0xd4 Core/Src/main.o
                0x000000000800137c                SystemClock_Config
 .text.MX_ADC1_Init
                0x0000000008001450      0x210 Core/Src/main.o
 .text.MX_I2C1_Init
                0x0000000008001660       0x5c Core/Src/main.o
 .text.MX_I2C2_Init
                0x00000000080016bc       0x5c Core/Src/main.o
 .text.MX_SPI3_Init
                0x0000000008001718       0x6c Core/Src/main.o
 .text.MX_TIM1_Init
                0x0000000008001784       0xb0 Core/Src/main.o
 .text.MX_TIM2_Init
                0x0000000008001834       0xb0 Core/Src/main.o
 .text.MX_TIM3_Init
                0x00000000080018e4       0xf4 Core/Src/main.o
 .text.MX_TIM6_Init
                0x00000000080019d8       0x6c Core/Src/main.o
 .text.MX_TIM7_Init
                0x0000000008001a44       0x6c Core/Src/main.o
 .text.MX_TIM8_Init
                0x0000000008001ab0       0xb0 Core/Src/main.o
 .text.MX_TIM12_Init
                0x0000000008001b60       0xa0 Core/Src/main.o
 .text.MX_USART1_UART_Init
                0x0000000008001c00       0x54 Core/Src/main.o
 .text.MX_DMA_Init
                0x0000000008001c54       0x40 Core/Src/main.o
 .text.MX_GPIO_Init
                0x0000000008001c94      0x1c0 Core/Src/main.o
 .text.Error_Handler
                0x0000000008001e54        0xe Core/Src/main.o
                0x0000000008001e54                Error_Handler
 *fill*         0x0000000008001e62        0x2 
 .text.gpio_set
                0x0000000008001e64       0x34 Core/Src/motor_control.o
                0x0000000008001e64                gpio_set
 .text.Motorset
                0x0000000008001e98       0xc0 Core/Src/motor_control.o
                0x0000000008001e98                Motorset
 .text.posPID   0x0000000008001f58      0x150 Core/Src/motor_control.o
                0x0000000008001f58                posPID
 .text.velPID   0x00000000080020a8       0xdc Core/Src/motor_control.o
                0x00000000080020a8                velPID
 .text.ADval_get
                0x0000000008002184       0xbc Core/Src/sensor.o
                0x0000000008002184                ADval_get
 .text.ADval_sum
                0x0000000008002240       0xb8 Core/Src/sensor.o
                0x0000000008002240                ADval_sum
 .text.getEncoder
                0x00000000080022f8      0x1c8 Core/Src/sensor.o
                0x00000000080022f8                getEncoder
 .text.setup    0x00000000080024c0      0x7c4 Core/Src/setup.o
                0x00000000080024c0                setup
 .text.HAL_MspInit
                0x0000000008002c84       0x88 Core/Src/stm32f4xx_hal_msp.o
                0x0000000008002c84                HAL_MspInit
 .text.HAL_ADC_MspInit
                0x0000000008002d0c      0x160 Core/Src/stm32f4xx_hal_msp.o
                0x0000000008002d0c                HAL_ADC_MspInit
 .text.HAL_I2C_MspInit
                0x0000000008002e6c       0xfc Core/Src/stm32f4xx_hal_msp.o
                0x0000000008002e6c                HAL_I2C_MspInit
 .text.HAL_SPI_MspInit
                0x0000000008002f68       0x90 Core/Src/stm32f4xx_hal_msp.o
                0x0000000008002f68                HAL_SPI_MspInit
 .text.HAL_TIM_Encoder_MspInit
                0x0000000008002ff8       0xfc Core/Src/stm32f4xx_hal_msp.o
                0x0000000008002ff8                HAL_TIM_Encoder_MspInit
 .text.HAL_TIM_PWM_MspInit
                0x00000000080030f4       0x98 Core/Src/stm32f4xx_hal_msp.o
                0x00000000080030f4                HAL_TIM_PWM_MspInit
 .text.HAL_TIM_Base_MspInit
                0x000000000800318c       0x8c Core/Src/stm32f4xx_hal_msp.o
                0x000000000800318c                HAL_TIM_Base_MspInit
 .text.HAL_TIM_MspPostInit
                0x0000000008003218      0x150 Core/Src/stm32f4xx_hal_msp.o
                0x0000000008003218                HAL_TIM_MspPostInit
 .text.HAL_UART_MspInit
                0x0000000008003368       0x90 Core/Src/stm32f4xx_hal_msp.o
                0x0000000008003368                HAL_UART_MspInit
 .text.NMI_Handler
                0x00000000080033f8        0xe Core/Src/stm32f4xx_it.o
                0x00000000080033f8                NMI_Handler
 .text.HardFault_Handler
                0x0000000008003406        0x6 Core/Src/stm32f4xx_it.o
                0x0000000008003406                HardFault_Handler
 .text.MemManage_Handler
                0x000000000800340c        0x6 Core/Src/stm32f4xx_it.o
                0x000000000800340c                MemManage_Handler
 .text.BusFault_Handler
                0x0000000008003412        0x6 Core/Src/stm32f4xx_it.o
                0x0000000008003412                BusFault_Handler
 .text.UsageFault_Handler
                0x0000000008003418        0x6 Core/Src/stm32f4xx_it.o
                0x0000000008003418                UsageFault_Handler
 .text.SVC_Handler
                0x000000000800341e        0xe Core/Src/stm32f4xx_it.o
                0x000000000800341e                SVC_Handler
 .text.DebugMon_Handler
                0x000000000800342c        0xe Core/Src/stm32f4xx_it.o
                0x000000000800342c                DebugMon_Handler
 .text.PendSV_Handler
                0x000000000800343a        0xe Core/Src/stm32f4xx_it.o
                0x000000000800343a                PendSV_Handler
 .text.SysTick_Handler
                0x0000000008003448        0xc Core/Src/stm32f4xx_it.o
                0x0000000008003448                SysTick_Handler
 .text.EXTI0_IRQHandler
                0x0000000008003454        0xe Core/Src/stm32f4xx_it.o
                0x0000000008003454                EXTI0_IRQHandler
 .text.EXTI1_IRQHandler
                0x0000000008003462        0xe Core/Src/stm32f4xx_it.o
                0x0000000008003462                EXTI1_IRQHandler
 .text.EXTI15_10_IRQHandler
                0x0000000008003470       0x28 Core/Src/stm32f4xx_it.o
                0x0000000008003470                EXTI15_10_IRQHandler
 .text.TIM6_DAC_IRQHandler
                0x0000000008003498       0x14 Core/Src/stm32f4xx_it.o
                0x0000000008003498                TIM6_DAC_IRQHandler
 .text.TIM7_IRQHandler
                0x00000000080034ac       0x14 Core/Src/stm32f4xx_it.o
                0x00000000080034ac                TIM7_IRQHandler
 .text.DMA2_Stream0_IRQHandler
                0x00000000080034c0       0x14 Core/Src/stm32f4xx_it.o
                0x00000000080034c0                DMA2_Stream0_IRQHandler
 .text.HAL_GPIO_EXTI_Callback
                0x00000000080034d4       0xf4 Core/Src/switch.o
                0x00000000080034d4                HAL_GPIO_EXTI_Callback
 .text._sbrk    0x00000000080035c8       0x6c Core/Src/sysmem.o
                0x00000000080035c8                _sbrk
 .text.SystemInit
                0x0000000008003634       0x2c Core/Src/system_stm32f4xx.o
                0x0000000008003634                SystemInit
 .text.Reset_Handler
                0x0000000008003660       0x50 Core/Startup/startup_stm32f405rgtx.o
                0x0000000008003660                Reset_Handler
 .text.Default_Handler
                0x00000000080036b0        0x2 Core/Startup/startup_stm32f405rgtx.o
                0x00000000080036b0                RTC_Alarm_IRQHandler
                0x00000000080036b0                HASH_RNG_IRQHandler
                0x00000000080036b0                EXTI2_IRQHandler
                0x00000000080036b0                TIM8_CC_IRQHandler
                0x00000000080036b0                TIM1_CC_IRQHandler
                0x00000000080036b0                DMA2_Stream5_IRQHandler
                0x00000000080036b0                DMA1_Stream5_IRQHandler
                0x00000000080036b0                PVD_IRQHandler
                0x00000000080036b0                SDIO_IRQHandler
                0x00000000080036b0                TAMP_STAMP_IRQHandler
                0x00000000080036b0                CAN2_RX1_IRQHandler
                0x00000000080036b0                EXTI3_IRQHandler
                0x00000000080036b0                TIM8_TRG_COM_TIM14_IRQHandler
                0x00000000080036b0                TIM1_UP_TIM10_IRQHandler
                0x00000000080036b0                TIM8_UP_TIM13_IRQHandler
                0x00000000080036b0                I2C3_ER_IRQHandler
                0x00000000080036b0                I2C2_EV_IRQHandler
                0x00000000080036b0                DMA1_Stream2_IRQHandler
                0x00000000080036b0                CAN1_RX0_IRQHandler
                0x00000000080036b0                FPU_IRQHandler
                0x00000000080036b0                OTG_HS_WKUP_IRQHandler
                0x00000000080036b0                CAN2_SCE_IRQHandler
                0x00000000080036b0                DMA2_Stream2_IRQHandler
                0x00000000080036b0                SPI1_IRQHandler
                0x00000000080036b0                TIM1_BRK_TIM9_IRQHandler
                0x00000000080036b0                CAN2_RX0_IRQHandler
                0x00000000080036b0                DMA2_Stream3_IRQHandler
                0x00000000080036b0                USART6_IRQHandler
                0x00000000080036b0                USART3_IRQHandler
                0x00000000080036b0                CAN1_RX1_IRQHandler
                0x00000000080036b0                UART5_IRQHandler
                0x00000000080036b0                TIM4_IRQHandler
                0x00000000080036b0                I2C1_EV_IRQHandler
                0x00000000080036b0                DMA1_Stream6_IRQHandler
                0x00000000080036b0                DMA1_Stream1_IRQHandler
                0x00000000080036b0                UART4_IRQHandler
                0x00000000080036b0                TIM3_IRQHandler
                0x00000000080036b0                RCC_IRQHandler
                0x00000000080036b0                TIM8_BRK_TIM12_IRQHandler
                0x00000000080036b0                Default_Handler
                0x00000000080036b0                ADC_IRQHandler
                0x00000000080036b0                DMA1_Stream7_IRQHandler
                0x00000000080036b0                CAN2_TX_IRQHandler
                0x00000000080036b0                TIM5_IRQHandler
                0x00000000080036b0                DMA2_Stream7_IRQHandler
                0x00000000080036b0                I2C3_EV_IRQHandler
                0x00000000080036b0                EXTI9_5_IRQHandler
                0x00000000080036b0                RTC_WKUP_IRQHandler
                0x00000000080036b0                SPI2_IRQHandler
                0x00000000080036b0                OTG_HS_EP1_IN_IRQHandler
                0x00000000080036b0                DMA1_Stream0_IRQHandler
                0x00000000080036b0                CAN1_TX_IRQHandler
                0x00000000080036b0                EXTI4_IRQHandler
                0x00000000080036b0                FSMC_IRQHandler
                0x00000000080036b0                OTG_HS_EP1_OUT_IRQHandler
                0x00000000080036b0                WWDG_IRQHandler
                0x00000000080036b0                TIM2_IRQHandler
                0x00000000080036b0                OTG_FS_WKUP_IRQHandler
                0x00000000080036b0                TIM1_TRG_COM_TIM11_IRQHandler
                0x00000000080036b0                OTG_HS_IRQHandler
                0x00000000080036b0                USART2_IRQHandler
                0x00000000080036b0                I2C2_ER_IRQHandler
                0x00000000080036b0                DMA2_Stream1_IRQHandler
                0x00000000080036b0                CAN1_SCE_IRQHandler
                0x00000000080036b0                FLASH_IRQHandler
                0x00000000080036b0                DMA2_Stream4_IRQHandler
                0x00000000080036b0                USART1_IRQHandler
                0x00000000080036b0                OTG_FS_IRQHandler
                0x00000000080036b0                SPI3_IRQHandler
                0x00000000080036b0                DMA1_Stream4_IRQHandler
                0x00000000080036b0                I2C1_ER_IRQHandler
                0x00000000080036b0                DMA2_Stream6_IRQHandler
                0x00000000080036b0                DMA1_Stream3_IRQHandler
 *fill*         0x00000000080036b2        0x2 
 .text.HAL_Init
                0x00000000080036b4       0x44 Drivers/STM32F4xx_HAL_Driver/Src/stm32f4xx_hal.o
                0x00000000080036b4                HAL_Init
 .text.HAL_InitTick
                0x00000000080036f8       0x60 Drivers/STM32F4xx_HAL_Driver/Src/stm32f4xx_hal.o
                0x00000000080036f8                HAL_InitTick
 .text.HAL_IncTick
                0x0000000008003758       0x28 Drivers/STM32F4xx_HAL_Driver/Src/stm32f4xx_hal.o
                0x0000000008003758                HAL_IncTick
 .text.HAL_GetTick
                0x0000000008003780       0x18 Drivers/STM32F4xx_HAL_Driver/Src/stm32f4xx_hal.o
                0x0000000008003780                HAL_GetTick
 .text.HAL_Delay
                0x0000000008003798       0x44 Drivers/STM32F4xx_HAL_Driver/Src/stm32f4xx_hal.o
                0x0000000008003798                HAL_Delay
 .text.HAL_ADC_Init
                0x00000000080037dc       0x86 Drivers/STM32F4xx_HAL_Driver/Src/stm32f4xx_hal_adc.o
                0x00000000080037dc                HAL_ADC_Init
 *fill*         0x0000000008003862        0x2 
 .text.HAL_ADC_Start_DMA
                0x0000000008003864      0x1e4 Drivers/STM32F4xx_HAL_Driver/Src/stm32f4xx_hal_adc.o
                0x0000000008003864                HAL_ADC_Start_DMA
 .text.HAL_ADC_ConvCpltCallback
                0x0000000008003a48       0x14 Drivers/STM32F4xx_HAL_Driver/Src/stm32f4xx_hal_adc.o
                0x0000000008003a48                HAL_ADC_ConvCpltCallback
 .text.HAL_ADC_ConvHalfCpltCallback
                0x0000000008003a5c       0x14 Drivers/STM32F4xx_HAL_Driver/Src/stm32f4xx_hal_adc.o
                0x0000000008003a5c                HAL_ADC_ConvHalfCpltCallback
 .text.HAL_ADC_ErrorCallback
                0x0000000008003a70       0x14 Drivers/STM32F4xx_HAL_Driver/Src/stm32f4xx_hal_adc.o
                0x0000000008003a70                HAL_ADC_ErrorCallback
 .text.HAL_ADC_ConfigChannel
                0x0000000008003a84      0x244 Drivers/STM32F4xx_HAL_Driver/Src/stm32f4xx_hal_adc.o
                0x0000000008003a84                HAL_ADC_ConfigChannel
 .text.ADC_Init
                0x0000000008003cc8      0x1f8 Drivers/STM32F4xx_HAL_Driver/Src/stm32f4xx_hal_adc.o
 .text.ADC_DMAConvCplt
                0x0000000008003ec0       0xba Drivers/STM32F4xx_HAL_Driver/Src/stm32f4xx_hal_adc.o
 .text.ADC_DMAHalfConvCplt
                0x0000000008003f7a       0x1c Drivers/STM32F4xx_HAL_Driver/Src/stm32f4xx_hal_adc.o
 .text.ADC_DMAError
                0x0000000008003f96       0x2e Drivers/STM32F4xx_HAL_Driver/Src/stm32f4xx_hal_adc.o
 .text.__NVIC_SetPriorityGrouping
                0x0000000008003fc4       0x48 Drivers/STM32F4xx_HAL_Driver/Src/stm32f4xx_hal_cortex.o
 .text.__NVIC_GetPriorityGrouping
                0x000000000800400c       0x1c Drivers/STM32F4xx_HAL_Driver/Src/stm32f4xx_hal_cortex.o
 .text.__NVIC_EnableIRQ
                0x0000000008004028       0x3c Drivers/STM32F4xx_HAL_Driver/Src/stm32f4xx_hal_cortex.o
 .text.__NVIC_SetPriority
                0x0000000008004064       0x54 Drivers/STM32F4xx_HAL_Driver/Src/stm32f4xx_hal_cortex.o
 .text.NVIC_EncodePriority
                0x00000000080040b8       0x66 Drivers/STM32F4xx_HAL_Driver/Src/stm32f4xx_hal_cortex.o
 *fill*         0x000000000800411e        0x2 
 .text.SysTick_Config
                0x0000000008004120       0x44 Drivers/STM32F4xx_HAL_Driver/Src/stm32f4xx_hal_cortex.o
 .text.HAL_NVIC_SetPriorityGrouping
                0x0000000008004164       0x16 Drivers/STM32F4xx_HAL_Driver/Src/stm32f4xx_hal_cortex.o
                0x0000000008004164                HAL_NVIC_SetPriorityGrouping
 .text.HAL_NVIC_SetPriority
                0x000000000800417a       0x38 Drivers/STM32F4xx_HAL_Driver/Src/stm32f4xx_hal_cortex.o
                0x000000000800417a                HAL_NVIC_SetPriority
 .text.HAL_NVIC_EnableIRQ
                0x00000000080041b2       0x1c Drivers/STM32F4xx_HAL_Driver/Src/stm32f4xx_hal_cortex.o
                0x00000000080041b2                HAL_NVIC_EnableIRQ
 .text.HAL_SYSTICK_Config
                0x00000000080041ce       0x18 Drivers/STM32F4xx_HAL_Driver/Src/stm32f4xx_hal_cortex.o
                0x00000000080041ce                HAL_SYSTICK_Config
 *fill*         0x00000000080041e6        0x2 
 .text.HAL_DMA_Init
                0x00000000080041e8      0x15c Drivers/STM32F4xx_HAL_Driver/Src/stm32f4xx_hal_dma.o
                0x00000000080041e8                HAL_DMA_Init
 .text.HAL_DMA_Start_IT
                0x0000000008004344       0xb0 Drivers/STM32F4xx_HAL_Driver/Src/stm32f4xx_hal_dma.o
                0x0000000008004344                HAL_DMA_Start_IT
 .text.HAL_DMA_IRQHandler
                0x00000000080043f4      0x314 Drivers/STM32F4xx_HAL_Driver/Src/stm32f4xx_hal_dma.o
                0x00000000080043f4                HAL_DMA_IRQHandler
 .text.DMA_SetConfig
                0x0000000008004708       0x5c Drivers/STM32F4xx_HAL_Driver/Src/stm32f4xx_hal_dma.o
 .text.DMA_CalcBaseAndBitshift
                0x0000000008004764       0x6c Drivers/STM32F4xx_HAL_Driver/Src/stm32f4xx_hal_dma.o
 .text.DMA_CheckFifoParam
                0x00000000080047d0       0xf4 Drivers/STM32F4xx_HAL_Driver/Src/stm32f4xx_hal_dma.o
 .text.HAL_FLASH_Unlock
                0x00000000080048c4       0x44 Drivers/STM32F4xx_HAL_Driver/Src/stm32f4xx_hal_flash.o
                0x00000000080048c4                HAL_FLASH_Unlock
 .text.HAL_FLASH_Lock
                0x0000000008004908       0x20 Drivers/STM32F4xx_HAL_Driver/Src/stm32f4xx_hal_flash.o
                0x0000000008004908                HAL_FLASH_Lock
 .text.FLASH_WaitForLastOperation
                0x0000000008004928       0x80 Drivers/STM32F4xx_HAL_Driver/Src/stm32f4xx_hal_flash.o
                0x0000000008004928                FLASH_WaitForLastOperation
 .text.FLASH_SetErrorCode
                0x00000000080049a8       0xac Drivers/STM32F4xx_HAL_Driver/Src/stm32f4xx_hal_flash.o
 .text.HAL_FLASHEx_Erase
                0x0000000008004a54       0xe0 Drivers/STM32F4xx_HAL_Driver/Src/stm32f4xx_hal_flash_ex.o
                0x0000000008004a54                HAL_FLASHEx_Erase
 .text.FLASH_MassErase
                0x0000000008004b34       0x48 Drivers/STM32F4xx_HAL_Driver/Src/stm32f4xx_hal_flash_ex.o
 .text.FLASH_Erase_Sector
                0x0000000008004b7c       0x90 Drivers/STM32F4xx_HAL_Driver/Src/stm32f4xx_hal_flash_ex.o
                0x0000000008004b7c                FLASH_Erase_Sector
 .text.FLASH_FlushCaches
                0x0000000008004c0c       0x8c Drivers/STM32F4xx_HAL_Driver/Src/stm32f4xx_hal_flash_ex.o
                0x0000000008004c0c                FLASH_FlushCaches
 .text.HAL_GPIO_Init
                0x0000000008004c98      0x334 Drivers/STM32F4xx_HAL_Driver/Src/stm32f4xx_hal_gpio.o
                0x0000000008004c98                HAL_GPIO_Init
 .text.HAL_GPIO_WritePin
                0x0000000008004fcc       0x32 Drivers/STM32F4xx_HAL_Driver/Src/stm32f4xx_hal_gpio.o
                0x0000000008004fcc                HAL_GPIO_WritePin
 *fill*         0x0000000008004ffe        0x2 
 .text.HAL_GPIO_EXTI_IRQHandler
                0x0000000008005000       0x30 Drivers/STM32F4xx_HAL_Driver/Src/stm32f4xx_hal_gpio.o
                0x0000000008005000                HAL_GPIO_EXTI_IRQHandler
 .text.HAL_I2C_Init
                0x0000000008005030      0x270 Drivers/STM32F4xx_HAL_Driver/Src/stm32f4xx_hal_i2c.o
                0x0000000008005030                HAL_I2C_Init
 .text.HAL_I2C_Master_Transmit
                0x00000000080052a0      0x1fc Drivers/STM32F4xx_HAL_Driver/Src/stm32f4xx_hal_i2c.o
                0x00000000080052a0                HAL_I2C_Master_Transmit
 .text.HAL_I2C_Master_Receive
                0x000000000800549c      0x44c Drivers/STM32F4xx_HAL_Driver/Src/stm32f4xx_hal_i2c.o
                0x000000000800549c                HAL_I2C_Master_Receive
 .text.I2C_MasterRequestWrite
                0x00000000080058e8      0x104 Drivers/STM32F4xx_HAL_Driver/Src/stm32f4xx_hal_i2c.o
 .text.I2C_MasterRequestRead
                0x00000000080059ec      0x198 Drivers/STM32F4xx_HAL_Driver/Src/stm32f4xx_hal_i2c.o
 .text.I2C_WaitOnFlagUntilTimeout
                0x0000000008005b84       0xae Drivers/STM32F4xx_HAL_Driver/Src/stm32f4xx_hal_i2c.o
 .text.I2C_WaitOnMasterAddressFlagUntilTimeout
                0x0000000008005c32       0xfe Drivers/STM32F4xx_HAL_Driver/Src/stm32f4xx_hal_i2c.o
 .text.I2C_WaitOnTXEFlagUntilTimeout
                0x0000000008005d30       0x82 Drivers/STM32F4xx_HAL_Driver/Src/stm32f4xx_hal_i2c.o
 .text.I2C_WaitOnBTFFlagUntilTimeout
                0x0000000008005db2       0x82 Drivers/STM32F4xx_HAL_Driver/Src/stm32f4xx_hal_i2c.o
 .text.I2C_WaitOnRXNEFlagUntilTimeout
                0x0000000008005e34       0xac Drivers/STM32F4xx_HAL_Driver/Src/stm32f4xx_hal_i2c.o
 .text.I2C_IsAcknowledgeFailed
                0x0000000008005ee0       0x5e Drivers/STM32F4xx_HAL_Driver/Src/stm32f4xx_hal_i2c.o
 *fill*         0x0000000008005f3e        0x2 
 .text.HAL_RCC_OscConfig
                0x0000000008005f40      0x4e0 Drivers/STM32F4xx_HAL_Driver/Src/stm32f4xx_hal_rcc.o
                0x0000000008005f40                HAL_RCC_OscConfig
 .text.HAL_RCC_ClockConfig
                0x0000000008006420      0x1cc Drivers/STM32F4xx_HAL_Driver/Src/stm32f4xx_hal_rcc.o
                0x0000000008006420                HAL_RCC_ClockConfig
 .text.HAL_RCC_GetSysClockFreq
                0x00000000080065ec      0x164 Drivers/STM32F4xx_HAL_Driver/Src/stm32f4xx_hal_rcc.o
                0x00000000080065ec                HAL_RCC_GetSysClockFreq
 .text.HAL_RCC_GetHCLKFreq
                0x0000000008006750       0x18 Drivers/STM32F4xx_HAL_Driver/Src/stm32f4xx_hal_rcc.o
                0x0000000008006750                HAL_RCC_GetHCLKFreq
 .text.HAL_RCC_GetPCLK1Freq
                0x0000000008006768       0x28 Drivers/STM32F4xx_HAL_Driver/Src/stm32f4xx_hal_rcc.o
                0x0000000008006768                HAL_RCC_GetPCLK1Freq
 .text.HAL_RCC_GetPCLK2Freq
                0x0000000008006790       0x28 Drivers/STM32F4xx_HAL_Driver/Src/stm32f4xx_hal_rcc.o
                0x0000000008006790                HAL_RCC_GetPCLK2Freq
 .text.HAL_SPI_Init
                0x00000000080067b8       0xc8 Drivers/STM32F4xx_HAL_Driver/Src/stm32f4xx_hal_spi.o
                0x00000000080067b8                HAL_SPI_Init
 .text.HAL_TIM_Base_Init
                0x0000000008006880       0x56 Drivers/STM32F4xx_HAL_Driver/Src/stm32f4xx_hal_tim.o
                0x0000000008006880                HAL_TIM_Base_Init
 .text.HAL_TIM_Base_Start_IT
                0x00000000080068d6       0x48 Drivers/STM32F4xx_HAL_Driver/Src/stm32f4xx_hal_tim.o
                0x00000000080068d6                HAL_TIM_Base_Start_IT
 .text.HAL_TIM_PWM_Init
                0x000000000800691e       0x56 Drivers/STM32F4xx_HAL_Driver/Src/stm32f4xx_hal_tim.o
                0x000000000800691e                HAL_TIM_PWM_Init
 .text.HAL_TIM_PWM_Start
                0x0000000008006974       0x7c Drivers/STM32F4xx_HAL_Driver/Src/stm32f4xx_hal_tim.o
                0x0000000008006974                HAL_TIM_PWM_Start
 .text.HAL_TIM_Encoder_Init
                0x00000000080069f0      0x124 Drivers/STM32F4xx_HAL_Driver/Src/stm32f4xx_hal_tim.o
                0x00000000080069f0                HAL_TIM_Encoder_Init
 .text.HAL_TIM_Encoder_Start
                0x0000000008006b14       0x6e Drivers/STM32F4xx_HAL_Driver/Src/stm32f4xx_hal_tim.o
                0x0000000008006b14                HAL_TIM_Encoder_Start
 .text.HAL_TIM_IRQHandler
                0x0000000008006b82      0x210 Drivers/STM32F4xx_HAL_Driver/Src/stm32f4xx_hal_tim.o
                0x0000000008006b82                HAL_TIM_IRQHandler
 *fill*         0x0000000008006d92        0x2 
 .text.HAL_TIM_PWM_ConfigChannel
                0x0000000008006d94      0x18c Drivers/STM32F4xx_HAL_Driver/Src/stm32f4xx_hal_tim.o
                0x0000000008006d94                HAL_TIM_PWM_ConfigChannel
 .text.HAL_TIM_OC_DelayElapsedCallback
                0x0000000008006f20       0x14 Drivers/STM32F4xx_HAL_Driver/Src/stm32f4xx_hal_tim.o
                0x0000000008006f20                HAL_TIM_OC_DelayElapsedCallback
 .text.HAL_TIM_IC_CaptureCallback
                0x0000000008006f34       0x14 Drivers/STM32F4xx_HAL_Driver/Src/stm32f4xx_hal_tim.o
                0x0000000008006f34                HAL_TIM_IC_CaptureCallback
 .text.HAL_TIM_PWM_PulseFinishedCallback
                0x0000000008006f48       0x14 Drivers/STM32F4xx_HAL_Driver/Src/stm32f4xx_hal_tim.o
                0x0000000008006f48                HAL_TIM_PWM_PulseFinishedCallback
 .text.HAL_TIM_TriggerCallback
                0x0000000008006f5c       0x14 Drivers/STM32F4xx_HAL_Driver/Src/stm32f4xx_hal_tim.o
                0x0000000008006f5c                HAL_TIM_TriggerCallback
 .text.TIM_Base_SetConfig
                0x0000000008006f70      0x140 Drivers/STM32F4xx_HAL_Driver/Src/stm32f4xx_hal_tim.o
                0x0000000008006f70                TIM_Base_SetConfig
 .text.TIM_OC1_SetConfig
                0x00000000080070b0       0xe0 Drivers/STM32F4xx_HAL_Driver/Src/stm32f4xx_hal_tim.o
 .text.TIM_OC2_SetConfig
                0x0000000008007190       0xec Drivers/STM32F4xx_HAL_Driver/Src/stm32f4xx_hal_tim.o
                0x0000000008007190                TIM_OC2_SetConfig
 .text.TIM_OC3_SetConfig
                0x000000000800727c       0xe8 Drivers/STM32F4xx_HAL_Driver/Src/stm32f4xx_hal_tim.o
 .text.TIM_OC4_SetConfig
                0x0000000008007364       0xac Drivers/STM32F4xx_HAL_Driver/Src/stm32f4xx_hal_tim.o
 .text.TIM_CCxChannelCmd
                0x0000000008007410       0x4a Drivers/STM32F4xx_HAL_Driver/Src/stm32f4xx_hal_tim.o
                0x0000000008007410                TIM_CCxChannelCmd
 *fill*         0x000000000800745a        0x2 
 .text.HAL_TIMEx_MasterConfigSynchronization
                0x000000000800745c       0xf8 Drivers/STM32F4xx_HAL_Driver/Src/stm32f4xx_hal_tim_ex.o
                0x000000000800745c                HAL_TIMEx_MasterConfigSynchronization
 .text.HAL_TIMEx_CommutCallback
                0x0000000008007554       0x14 Drivers/STM32F4xx_HAL_Driver/Src/stm32f4xx_hal_tim_ex.o
                0x0000000008007554                HAL_TIMEx_CommutCallback
 .text.HAL_TIMEx_BreakCallback
                0x0000000008007568       0x14 Drivers/STM32F4xx_HAL_Driver/Src/stm32f4xx_hal_tim_ex.o
                0x0000000008007568                HAL_TIMEx_BreakCallback
 .text.HAL_UART_Init
                0x000000000800757c       0x9a Drivers/STM32F4xx_HAL_Driver/Src/stm32f4xx_hal_uart.o
                0x000000000800757c                HAL_UART_Init
 *fill*         0x0000000008007616        0x2 
 .text.UART_SetConfig
                0x0000000008007618      0x6f8 Drivers/STM32F4xx_HAL_Driver/Src/stm32f4xx_hal_uart.o
 .text.__errno  0x0000000008007d10        0xc c:/st/stm32cubeide_1.5.1/stm32cubeide/plugins/com.st.stm32cube.ide.mcu.externaltools.gnu-tools-for-stm32.7-2018-q2-update.win32_1.5.0.202011040924/tools/bin/../lib/gcc/arm-none-eabi/7.3.1/../../../../arm-none-eabi/lib/thumb/v7e-m/fpv4-sp/hard\libc_nano.a(lib_a-errno.o)
                0x0000000008007d10                __errno
 .text.__libc_init_array
                0x0000000008007d1c       0x48 c:/st/stm32cubeide_1.5.1/stm32cubeide/plugins/com.st.stm32cube.ide.mcu.externaltools.gnu-tools-for-stm32.7-2018-q2-update.win32_1.5.0.202011040924/tools/bin/../lib/gcc/arm-none-eabi/7.3.1/../../../../arm-none-eabi/lib/thumb/v7e-m/fpv4-sp/hard\libc_nano.a(lib_a-init.o)
                0x0000000008007d1c                __libc_init_array
 .text.memcpy   0x0000000008007d64       0x16 c:/st/stm32cubeide_1.5.1/stm32cubeide/plugins/com.st.stm32cube.ide.mcu.externaltools.gnu-tools-for-stm32.7-2018-q2-update.win32_1.5.0.202011040924/tools/bin/../lib/gcc/arm-none-eabi/7.3.1/../../../../arm-none-eabi/lib/thumb/v7e-m/fpv4-sp/hard\libc_nano.a(lib_a-memcpy-stub.o)
                0x0000000008007d64                memcpy
 .text.memset   0x0000000008007d7a       0x10 c:/st/stm32cubeide_1.5.1/stm32cubeide/plugins/com.st.stm32cube.ide.mcu.externaltools.gnu-tools-for-stm32.7-2018-q2-update.win32_1.5.0.202011040924/tools/bin/../lib/gcc/arm-none-eabi/7.3.1/../../../../arm-none-eabi/lib/thumb/v7e-m/fpv4-sp/hard\libc_nano.a(lib_a-memset.o)
                0x0000000008007d7a                memset
 *fill*         0x0000000008007d8a        0x2 
 .text._vsprintf_r
                0x0000000008007d8c       0x2c c:/st/stm32cubeide_1.5.1/stm32cubeide/plugins/com.st.stm32cube.ide.mcu.externaltools.gnu-tools-for-stm32.7-2018-q2-update.win32_1.5.0.202011040924/tools/bin/../lib/gcc/arm-none-eabi/7.3.1/../../../../arm-none-eabi/lib/thumb/v7e-m/fpv4-sp/hard\libc_nano.a(lib_a-vsprintf.o)
                0x0000000008007d8c                _vsprintf_r
                0x0000000008007d8c                _vsiprintf_r
 .text.vsprintf
                0x0000000008007db8       0x14 c:/st/stm32cubeide_1.5.1/stm32cubeide/plugins/com.st.stm32cube.ide.mcu.externaltools.gnu-tools-for-stm32.7-2018-q2-update.win32_1.5.0.202011040924/tools/bin/../lib/gcc/arm-none-eabi/7.3.1/../../../../arm-none-eabi/lib/thumb/v7e-m/fpv4-sp/hard\libc_nano.a(lib_a-vsprintf.o)
                0x0000000008007db8                vsiprintf
                0x0000000008007db8                vsprintf
 .text.__ssputs_r
                0x0000000008007dcc       0xb4 c:/st/stm32cubeide_1.5.1/stm32cubeide/plugins/com.st.stm32cube.ide.mcu.externaltools.gnu-tools-for-stm32.7-2018-q2-update.win32_1.5.0.202011040924/tools/bin/../lib/gcc/arm-none-eabi/7.3.1/../../../../arm-none-eabi/lib/thumb/v7e-m/fpv4-sp/hard\libc_nano.a(lib_a-nano-svfprintf.o)
                0x0000000008007dcc                __ssputs_r
 .text._svfprintf_r
                0x0000000008007e80      0x1f0 c:/st/stm32cubeide_1.5.1/stm32cubeide/plugins/com.st.stm32cube.ide.mcu.externaltools.gnu-tools-for-stm32.7-2018-q2-update.win32_1.5.0.202011040924/tools/bin/../lib/gcc/arm-none-eabi/7.3.1/../../../../arm-none-eabi/lib/thumb/v7e-m/fpv4-sp/hard\libc_nano.a(lib_a-nano-svfprintf.o)
                0x0000000008007e80                _svfiprintf_r
                0x0000000008007e80                _svfprintf_r
 .text._printf_common
                0x0000000008008070       0xea c:/st/stm32cubeide_1.5.1/stm32cubeide/plugins/com.st.stm32cube.ide.mcu.externaltools.gnu-tools-for-stm32.7-2018-q2-update.win32_1.5.0.202011040924/tools/bin/../lib/gcc/arm-none-eabi/7.3.1/../../../../arm-none-eabi/lib/thumb/v7e-m/fpv4-sp/hard\libc_nano.a(lib_a-nano-vfprintf_i.o)
                0x0000000008008070                _printf_common
 *fill*         0x000000000800815a        0x2 
 .text._printf_i
                0x000000000800815c      0x224 c:/st/stm32cubeide_1.5.1/stm32cubeide/plugins/com.st.stm32cube.ide.mcu.externaltools.gnu-tools-for-stm32.7-2018-q2-update.win32_1.5.0.202011040924/tools/bin/../lib/gcc/arm-none-eabi/7.3.1/../../../../arm-none-eabi/lib/thumb/v7e-m/fpv4-sp/hard\libc_nano.a(lib_a-nano-vfprintf_i.o)
                0x000000000800815c                _printf_i
 .text.memmove  0x0000000008008380       0x32 c:/st/stm32cubeide_1.5.1/stm32cubeide/plugins/com.st.stm32cube.ide.mcu.externaltools.gnu-tools-for-stm32.7-2018-q2-update.win32_1.5.0.202011040924/tools/bin/../lib/gcc/arm-none-eabi/7.3.1/../../../../arm-none-eabi/lib/thumb/v7e-m/fpv4-sp/hard\libc_nano.a(lib_a-memmove.o)
                0x0000000008008380                memmove
 *fill*         0x00000000080083b2        0x2 
 .text._free_r  0x00000000080083b4       0x9c c:/st/stm32cubeide_1.5.1/stm32cubeide/plugins/com.st.stm32cube.ide.mcu.externaltools.gnu-tools-for-stm32.7-2018-q2-update.win32_1.5.0.202011040924/tools/bin/../lib/gcc/arm-none-eabi/7.3.1/../../../../arm-none-eabi/lib/thumb/v7e-m/fpv4-sp/hard\libc_nano.a(lib_a-nano-freer.o)
                0x00000000080083b4                _free_r
 .text._malloc_r
                0x0000000008008450       0xb4 c:/st/stm32cubeide_1.5.1/stm32cubeide/plugins/com.st.stm32cube.ide.mcu.externaltools.gnu-tools-for-stm32.7-2018-q2-update.win32_1.5.0.202011040924/tools/bin/../lib/gcc/arm-none-eabi/7.3.1/../../../../arm-none-eabi/lib/thumb/v7e-m/fpv4-sp/hard\libc_nano.a(lib_a-nano-mallocr.o)
                0x0000000008008450                _malloc_r
 .text._realloc_r
                0x0000000008008504       0x4c c:/st/stm32cubeide_1.5.1/stm32cubeide/plugins/com.st.stm32cube.ide.mcu.externaltools.gnu-tools-for-stm32.7-2018-q2-update.win32_1.5.0.202011040924/tools/bin/../lib/gcc/arm-none-eabi/7.3.1/../../../../arm-none-eabi/lib/thumb/v7e-m/fpv4-sp/hard\libc_nano.a(lib_a-nano-reallocr.o)
                0x0000000008008504                _realloc_r
 .text._sbrk_r  0x0000000008008550       0x20 c:/st/stm32cubeide_1.5.1/stm32cubeide/plugins/com.st.stm32cube.ide.mcu.externaltools.gnu-tools-for-stm32.7-2018-q2-update.win32_1.5.0.202011040924/tools/bin/../lib/gcc/arm-none-eabi/7.3.1/../../../../arm-none-eabi/lib/thumb/v7e-m/fpv4-sp/hard\libc_nano.a(lib_a-sbrkr.o)
                0x0000000008008550                _sbrk_r
 .text.__malloc_lock
                0x0000000008008570        0x2 c:/st/stm32cubeide_1.5.1/stm32cubeide/plugins/com.st.stm32cube.ide.mcu.externaltools.gnu-tools-for-stm32.7-2018-q2-update.win32_1.5.0.202011040924/tools/bin/../lib/gcc/arm-none-eabi/7.3.1/../../../../arm-none-eabi/lib/thumb/v7e-m/fpv4-sp/hard\libc_nano.a(lib_a-mlock.o)
                0x0000000008008570                __malloc_lock
 .text.__malloc_unlock
                0x0000000008008572        0x2 c:/st/stm32cubeide_1.5.1/stm32cubeide/plugins/com.st.stm32cube.ide.mcu.externaltools.gnu-tools-for-stm32.7-2018-q2-update.win32_1.5.0.202011040924/tools/bin/../lib/gcc/arm-none-eabi/7.3.1/../../../../arm-none-eabi/lib/thumb/v7e-m/fpv4-sp/hard\libc_nano.a(lib_a-mlock.o)
                0x0000000008008572                __malloc_unlock
 .text._malloc_usable_size_r
                0x0000000008008574       0x10 c:/st/stm32cubeide_1.5.1/stm32cubeide/plugins/com.st.stm32cube.ide.mcu.externaltools.gnu-tools-for-stm32.7-2018-q2-update.win32_1.5.0.202011040924/tools/bin/../lib/gcc/arm-none-eabi/7.3.1/../../../../arm-none-eabi/lib/thumb/v7e-m/fpv4-sp/hard\libc_nano.a(lib_a-nano-msizer.o)
                0x0000000008008574                _malloc_usable_size_r
 *(.glue_7)
 .glue_7        0x0000000008008584        0x0 linker stubs
 *(.glue_7t)
 .glue_7t       0x0000000008008584        0x0 linker stubs
 *(.eh_frame)
 .eh_frame      0x0000000008008584        0x0 c:/st/stm32cubeide_1.5.1/stm32cubeide/plugins/com.st.stm32cube.ide.mcu.externaltools.gnu-tools-for-stm32.7-2018-q2-update.win32_1.5.0.202011040924/tools/bin/../lib/gcc/arm-none-eabi/7.3.1/thumb/v7e-m/fpv4-sp/hard/crtbegin.o
 *(.init)
 .init          0x0000000008008584        0x4 c:/st/stm32cubeide_1.5.1/stm32cubeide/plugins/com.st.stm32cube.ide.mcu.externaltools.gnu-tools-for-stm32.7-2018-q2-update.win32_1.5.0.202011040924/tools/bin/../lib/gcc/arm-none-eabi/7.3.1/thumb/v7e-m/fpv4-sp/hard/crti.o
                0x0000000008008584                _init
 .init          0x0000000008008588        0x8 c:/st/stm32cubeide_1.5.1/stm32cubeide/plugins/com.st.stm32cube.ide.mcu.externaltools.gnu-tools-for-stm32.7-2018-q2-update.win32_1.5.0.202011040924/tools/bin/../lib/gcc/arm-none-eabi/7.3.1/thumb/v7e-m/fpv4-sp/hard/crtn.o
 *(.fini)
 .fini          0x0000000008008590        0x4 c:/st/stm32cubeide_1.5.1/stm32cubeide/plugins/com.st.stm32cube.ide.mcu.externaltools.gnu-tools-for-stm32.7-2018-q2-update.win32_1.5.0.202011040924/tools/bin/../lib/gcc/arm-none-eabi/7.3.1/thumb/v7e-m/fpv4-sp/hard/crti.o
                0x0000000008008590                _fini
 .fini          0x0000000008008594        0x8 c:/st/stm32cubeide_1.5.1/stm32cubeide/plugins/com.st.stm32cube.ide.mcu.externaltools.gnu-tools-for-stm32.7-2018-q2-update.win32_1.5.0.202011040924/tools/bin/../lib/gcc/arm-none-eabi/7.3.1/thumb/v7e-m/fpv4-sp/hard/crtn.o
                0x000000000800859c                . = ALIGN (0x4)
                0x000000000800859c                _etext = .

.vfp11_veneer   0x000000000800859c        0x0
 .vfp11_veneer  0x000000000800859c        0x0 linker stubs

.v4_bx          0x000000000800859c        0x0
 .v4_bx         0x000000000800859c        0x0 linker stubs

.iplt           0x000000000800859c        0x0
 .iplt          0x000000000800859c        0x0 c:/st/stm32cubeide_1.5.1/stm32cubeide/plugins/com.st.stm32cube.ide.mcu.externaltools.gnu-tools-for-stm32.7-2018-q2-update.win32_1.5.0.202011040924/tools/bin/../lib/gcc/arm-none-eabi/7.3.1/thumb/v7e-m/fpv4-sp/hard/crtbegin.o

.rodata         0x000000000800859c      0x1b4
                0x000000000800859c                . = ALIGN (0x4)
 *(.rodata)
 .rodata        0x000000000800859c      0x14d Core/Src/setup.o
 *(.rodata*)
 *fill*         0x00000000080086e9        0x3 
 .rodata.start_adress_sector7
                0x00000000080086ec        0x4 Core/Src/Flash_F405.o
                0x00000000080086ec                start_adress_sector7
 .rodata.start_adress_sector9
                0x00000000080086f0        0x4 Core/Src/Flash_F405.o
                0x00000000080086f0                start_adress_sector9
 .rodata.start_adress_sector10
                0x00000000080086f4        0x4 Core/Src/Flash_F405.o
                0x00000000080086f4                start_adress_sector10
 .rodata.start_adress_sector11
                0x00000000080086f8        0x4 Core/Src/Flash_F405.o
                0x00000000080086f8                start_adress_sector11
 .rodata.AHBPrescTable
                0x00000000080086fc       0x10 Core/Src/system_stm32f4xx.o
                0x00000000080086fc                AHBPrescTable
 .rodata.APBPrescTable
                0x000000000800870c        0x8 Core/Src/system_stm32f4xx.o
                0x000000000800870c                APBPrescTable
 .rodata.flagBitshiftOffset.8538
                0x0000000008008714        0x8 Drivers/STM32F4xx_HAL_Driver/Src/stm32f4xx_hal_dma.o
 .rodata._svfprintf_r.str1.1
                0x000000000800871c       0x11 c:/st/stm32cubeide_1.5.1/stm32cubeide/plugins/com.st.stm32cube.ide.mcu.externaltools.gnu-tools-for-stm32.7-2018-q2-update.win32_1.5.0.202011040924/tools/bin/../lib/gcc/arm-none-eabi/7.3.1/../../../../arm-none-eabi/lib/thumb/v7e-m/fpv4-sp/hard\libc_nano.a(lib_a-nano-svfprintf.o)
 .rodata._printf_i.str1.1
                0x000000000800872d       0x22 c:/st/stm32cubeide_1.5.1/stm32cubeide/plugins/com.st.stm32cube.ide.mcu.externaltools.gnu-tools-for-stm32.7-2018-q2-update.win32_1.5.0.202011040924/tools/bin/../lib/gcc/arm-none-eabi/7.3.1/../../../../arm-none-eabi/lib/thumb/v7e-m/fpv4-sp/hard\libc_nano.a(lib_a-nano-vfprintf_i.o)
                0x0000000008008750                . = ALIGN (0x4)
 *fill*         0x000000000800874f        0x1 

.ARM.extab      0x0000000008008750        0x0
                0x0000000008008750                . = ALIGN (0x4)
 *(.ARM.extab* .gnu.linkonce.armextab.*)
                0x0000000008008750                . = ALIGN (0x4)

.ARM            0x0000000008008750        0x8
                0x0000000008008750                . = ALIGN (0x4)
                0x0000000008008750                __exidx_start = .
 *(.ARM.exidx*)
 .ARM.exidx     0x0000000008008750        0x8 c:/st/stm32cubeide_1.5.1/stm32cubeide/plugins/com.st.stm32cube.ide.mcu.externaltools.gnu-tools-for-stm32.7-2018-q2-update.win32_1.5.0.202011040924/tools/bin/../lib/gcc/arm-none-eabi/7.3.1/thumb/v7e-m/fpv4-sp/hard\libgcc.a(_udivmoddi4.o)
                0x0000000008008758                __exidx_end = .
                0x0000000008008758                . = ALIGN (0x4)

.rel.dyn        0x0000000008008758        0x0
 .rel.iplt      0x0000000008008758        0x0 c:/st/stm32cubeide_1.5.1/stm32cubeide/plugins/com.st.stm32cube.ide.mcu.externaltools.gnu-tools-for-stm32.7-2018-q2-update.win32_1.5.0.202011040924/tools/bin/../lib/gcc/arm-none-eabi/7.3.1/thumb/v7e-m/fpv4-sp/hard/crtbegin.o

.preinit_array  0x0000000008008758        0x0
                0x0000000008008758                . = ALIGN (0x4)
                0x0000000008008758                PROVIDE (__preinit_array_start = .)
 *(.preinit_array*)
                0x0000000008008758                PROVIDE (__preinit_array_end = .)
                0x0000000008008758                . = ALIGN (0x4)

.init_array     0x0000000008008758        0x4
                0x0000000008008758                . = ALIGN (0x4)
                0x0000000008008758                PROVIDE (__init_array_start = .)
 *(SORT_BY_NAME(.init_array.*))
 *(.init_array*)
 .init_array    0x0000000008008758        0x4 c:/st/stm32cubeide_1.5.1/stm32cubeide/plugins/com.st.stm32cube.ide.mcu.externaltools.gnu-tools-for-stm32.7-2018-q2-update.win32_1.5.0.202011040924/tools/bin/../lib/gcc/arm-none-eabi/7.3.1/thumb/v7e-m/fpv4-sp/hard/crtbegin.o
                0x000000000800875c                PROVIDE (__init_array_end = .)
                0x000000000800875c                . = ALIGN (0x4)

.fini_array     0x000000000800875c        0x4
                0x000000000800875c                . = ALIGN (0x4)
                [!provide]                        PROVIDE (__fini_array_start = .)
 *(SORT_BY_NAME(.fini_array.*))
 *(.fini_array*)
 .fini_array    0x000000000800875c        0x4 c:/st/stm32cubeide_1.5.1/stm32cubeide/plugins/com.st.stm32cube.ide.mcu.externaltools.gnu-tools-for-stm32.7-2018-q2-update.win32_1.5.0.202011040924/tools/bin/../lib/gcc/arm-none-eabi/7.3.1/thumb/v7e-m/fpv4-sp/hard/crtbegin.o
                [!provide]                        PROVIDE (__fini_array_end = .)
                0x0000000008008760                . = ALIGN (0x4)
                0x0000000008008760                _sidata = LOADADDR (.data)

.data           0x0000000020000000       0x70 load address 0x0000000008008760
                0x0000000020000000                . = ALIGN (0x4)
                0x0000000020000000                _sdata = .
 *(.data)
 *(.data*)
 .data.SystemCoreClock
                0x0000000020000000        0x4 Core/Src/system_stm32f4xx.o
                0x0000000020000000                SystemCoreClock
 .data.uwTickPrio
                0x0000000020000004        0x4 Drivers/STM32F4xx_HAL_Driver/Src/stm32f4xx_hal.o
                0x0000000020000004                uwTickPrio
 .data.uwTickFreq
                0x0000000020000008        0x1 Drivers/STM32F4xx_HAL_Driver/Src/stm32f4xx_hal.o
                0x0000000020000008                uwTickFreq
 *fill*         0x0000000020000009        0x3 
 .data._impure_ptr
                0x000000002000000c        0x4 c:/st/stm32cubeide_1.5.1/stm32cubeide/plugins/com.st.stm32cube.ide.mcu.externaltools.gnu-tools-for-stm32.7-2018-q2-update.win32_1.5.0.202011040924/tools/bin/../lib/gcc/arm-none-eabi/7.3.1/../../../../arm-none-eabi/lib/thumb/v7e-m/fpv4-sp/hard\libc_nano.a(lib_a-impure.o)
                0x000000002000000c                _impure_ptr
 .data.impure_data
                0x0000000020000010       0x60 c:/st/stm32cubeide_1.5.1/stm32cubeide/plugins/com.st.stm32cube.ide.mcu.externaltools.gnu-tools-for-stm32.7-2018-q2-update.win32_1.5.0.202011040924/tools/bin/../lib/gcc/arm-none-eabi/7.3.1/../../../../arm-none-eabi/lib/thumb/v7e-m/fpv4-sp/hard\libc_nano.a(lib_a-impure.o)
 *(.RamFunc)
 *(.RamFunc*)
                0x0000000020000070                . = ALIGN (0x4)
                0x0000000020000070                _edata = .

.igot.plt       0x0000000020000070        0x0 load address 0x00000000080087d0
 .igot.plt      0x0000000020000070        0x0 c:/st/stm32cubeide_1.5.1/stm32cubeide/plugins/com.st.stm32cube.ide.mcu.externaltools.gnu-tools-for-stm32.7-2018-q2-update.win32_1.5.0.202011040924/tools/bin/../lib/gcc/arm-none-eabi/7.3.1/thumb/v7e-m/fpv4-sp/hard/crtbegin.o
                0x0000000020000070                . = ALIGN (0x4)

.bss            0x0000000020000070     0xc080 load address 0x00000000080087d0
                0x0000000020000070                _sbss = .
                0x0000000020000070                __bss_start__ = _sbss
 *(.bss)
 .bss           0x0000000020000070       0x1c c:/st/stm32cubeide_1.5.1/stm32cubeide/plugins/com.st.stm32cube.ide.mcu.externaltools.gnu-tools-for-stm32.7-2018-q2-update.win32_1.5.0.202011040924/tools/bin/../lib/gcc/arm-none-eabi/7.3.1/thumb/v7e-m/fpv4-sp/hard/crtbegin.o
 *(.bss*)
 .bss.order_posR
                0x000000002000008c        0x4 Core/Src/motor_control.o
                0x000000002000008c                order_posR
 .bss.order_posL
                0x0000000020000090        0x4 Core/Src/motor_control.o
                0x0000000020000090                order_posL
 .bss.order_velR
                0x0000000020000094        0x4 Core/Src/motor_control.o
                0x0000000020000094                order_velR
 .bss.order_velL
                0x0000000020000098        0x4 Core/Src/motor_control.o
                0x0000000020000098                order_velL
 .bss.def_pos.9852
                0x000000002000009c        0x8 Core/Src/motor_control.o
 .bss.i_pos.9848
                0x00000000200000a4        0x4 Core/Src/motor_control.o
 .bss.vel_center.9861
                0x00000000200000a8        0x4 Core/Src/motor_control.o
 .bss.def_vel.9860
                0x00000000200000ac        0x4 Core/Src/motor_control.o
 .bss.i_vel.9859
                0x00000000200000b0        0x4 Core/Src/motor_control.o
 .bss.line_senLLL
                0x00000000200000b4        0x2 Core/Src/sensor.o
                0x00000000200000b4                line_senLLL
 .bss.line_senLL
                0x00000000200000b6        0x2 Core/Src/sensor.o
                0x00000000200000b6                line_senLL
 .bss.line_senL
                0x00000000200000b8        0x2 Core/Src/sensor.o
                0x00000000200000b8                line_senL
 .bss.line_senR
                0x00000000200000ba        0x2 Core/Src/sensor.o
                0x00000000200000ba                line_senR
 .bss.line_senRR
                0x00000000200000bc        0x2 Core/Src/sensor.o
                0x00000000200000bc                line_senRR
 .bss.line_senRRR
                0x00000000200000be        0x2 Core/Src/sensor.o
                0x00000000200000be                line_senRRR
 .bss.enc_tim1_total
                0x00000000200000c0        0x8 Core/Src/sensor.o
                0x00000000200000c0                enc_tim1_total
 .bss.enc_tim8_total
                0x00000000200000c8        0x8 Core/Src/sensor.o
                0x00000000200000c8                enc_tim8_total
 .bss.enc_tim_total
                0x00000000200000d0        0x8 Core/Src/sensor.o
                0x00000000200000d0                enc_tim_total
 .bss.timer     0x00000000200000d8        0x4 Core/Src/sensor.o
                0x00000000200000d8                timer
 .bss.main_pattern
                0x00000000200000dc        0x1 Core/Src/sensor.o
                0x00000000200000dc                main_pattern
 .bss.velocity_pattern
                0x00000000200000dd        0x1 Core/Src/sensor.o
                0x00000000200000dd                velocity_pattern
 .bss.second_trace_flag
                0x00000000200000de        0x1 Core/Src/sensor.o
                0x00000000200000de                second_trace_flag
 .bss.setup_mode
                0x00000000200000df        0x1 Core/Src/switch.o
                0x00000000200000df                setup_mode
 .bss.check_sens_val
                0x00000000200000e0        0x1 Core/Src/switch.o
                0x00000000200000e0                check_sens_val
 .bss.sw_up_state
                0x00000000200000e1        0x1 Core/Src/switch.o
                0x00000000200000e1                sw_up_state
 .bss.sw_center_state
                0x00000000200000e2        0x1 Core/Src/switch.o
                0x00000000200000e2                sw_center_state
 .bss.cnt_sw    0x00000000200000e3        0x1 Core/Src/switch.o
                0x00000000200000e3                cnt_sw
 .bss.__sbrk_heap_end
                0x00000000200000e4        0x4 Core/Src/sysmem.o
 .bss.__malloc_free_list
                0x00000000200000e8        0x4 c:/st/stm32cubeide_1.5.1/stm32cubeide/plugins/com.st.stm32cube.ide.mcu.externaltools.gnu-tools-for-stm32.7-2018-q2-update.win32_1.5.0.202011040924/tools/bin/../lib/gcc/arm-none-eabi/7.3.1/../../../../arm-none-eabi/lib/thumb/v7e-m/fpv4-sp/hard\libc_nano.a(lib_a-nano-mallocr.o)
                0x00000000200000e8                __malloc_free_list
 .bss.__malloc_sbrk_start
                0x00000000200000ec        0x4 c:/st/stm32cubeide_1.5.1/stm32cubeide/plugins/com.st.stm32cube.ide.mcu.externaltools.gnu-tools-for-stm32.7-2018-q2-update.win32_1.5.0.202011040924/tools/bin/../lib/gcc/arm-none-eabi/7.3.1/../../../../arm-none-eabi/lib/thumb/v7e-m/fpv4-sp/hard\libc_nano.a(lib_a-nano-mallocr.o)
                0x00000000200000ec                __malloc_sbrk_start
 *(COMMON)
 COMMON         0x00000000200000f0        0xc Core/Src/ICM20648.o
                0x00000000200000f0                zg
                0x00000000200000f2                za
                0x00000000200000f4                xa
                0x00000000200000f6                yg
                0x00000000200000f8                xg
                0x00000000200000fa                ya
 COMMON         0x00000000200000fc      0x3c4 Core/Src/main.o
                0x00000000200000fc                htim8
                0x000000002000013c                hi2c1
                0x0000000020000190                hi2c2
                0x00000000200001e4                htim3
                0x0000000020000224                hspi3
                0x000000002000027c                hadc1
                0x00000000200002c4                huart1
                0x0000000020000304                ADC1_Buff
                0x0000000020000320                hdma_adc1
                0x0000000020000380                htim6
                0x00000000200003c0                htim1
                0x0000000020000400                htim2
                0x0000000020000440                htim12
                0x0000000020000480                htim7
 COMMON         0x00000000200004c0       0x1c Core/Src/motor_control.o
                0x00000000200004c0                monL
                0x00000000200004c4                velR
                0x00000000200004c8                posL
                0x00000000200004cc                velL
                0x00000000200004d0                target_vel
                0x00000000200004d4                posR
                0x00000000200004d8                monR
 *fill*         0x00000000200004dc        0x4 
 COMMON         0x00000000200004e0     0xbbe4 Core/Src/sensor.o
                0x00000000200004e0                line_sen9
                0x00000000200004e2                line_sen4
                0x00000000200004e4                flash_read_test
                0x00000000200004e8                maker_cnt
                0x00000000200004f0                enc_cnt
                0x00000000200004f8                enc_cnt2
                0x0000000020000500                second_trace_pattern
                0x0000000020000502                line_sen3
                0x0000000020000504                log_zg
                0x0000000020000508                line_sen7
                0x000000002000050c                log_adress
                0x0000000020000510                maker_adress
                0x0000000020000514                line_sen2
                0x0000000020000516                line_sen6
                0x0000000020000518                enc_tim8_cnt_10ms
                0x000000002000051c                line_sen8
                0x000000002000051e                line_sen1
                0x0000000020000520                line_sen10
                0x0000000020000522                line_sen13
                0x0000000020000524                maker_check
                0x0000000020000528                PlanVelo
                0x00000000200062e8                PlanVelo2
                0x000000002000c0a8                plan_velo_adress
                0x000000002000c0ac                maker_flag
                0x000000002000c0ae                error_cnt
                0x000000002000c0b0                line_sen5
                0x000000002000c0b2                maker_distance_cmp_lim
                0x000000002000c0b4                line_sen0
                0x000000002000c0b6                line_sen11
                0x000000002000c0b8                line_sen12
                0x000000002000c0bc                log_mm
                0x000000002000c0c0                enc_tim1_cnt_10ms
 COMMON         0x000000002000c0c4        0x4 Core/Src/setup.o
                0x000000002000c0c4                log_check_adress
 COMMON         0x000000002000c0c8        0x4 Drivers/STM32F4xx_HAL_Driver/Src/stm32f4xx_hal.o
                0x000000002000c0c8                uwTick
 COMMON         0x000000002000c0cc       0x20 Drivers/STM32F4xx_HAL_Driver/Src/stm32f4xx_hal_flash.o
                0x000000002000c0cc                pFlash
 COMMON         0x000000002000c0ec        0x4 c:/st/stm32cubeide_1.5.1/stm32cubeide/plugins/com.st.stm32cube.ide.mcu.externaltools.gnu-tools-for-stm32.7-2018-q2-update.win32_1.5.0.202011040924/tools/bin/../lib/gcc/arm-none-eabi/7.3.1/../../../../arm-none-eabi/lib/thumb/v7e-m/fpv4-sp/hard\libc_nano.a(lib_a-reent.o)
                0x000000002000c0ec                errno
                0x000000002000c0f0                . = ALIGN (0x4)
                0x000000002000c0f0                _ebss = .
                0x000000002000c0f0                __bss_end__ = _ebss

._user_heap_stack
                0x000000002000c0f0      0x600 load address 0x00000000080087d0
                0x000000002000c0f0                . = ALIGN (0x8)
                [!provide]                        PROVIDE (end = .)
                0x000000002000c0f0                PROVIDE (_end = .)
                0x000000002000c2f0                . = (. + _Min_Heap_Size)
 *fill*         0x000000002000c0f0      0x200 
                0x000000002000c6f0                . = (. + _Min_Stack_Size)
 *fill*         0x000000002000c2f0      0x400 
                0x000000002000c6f0                . = ALIGN (0x8)

/DISCARD/
 libc.a(*)
 libm.a(*)
 libgcc.a(*)

.ARM.attributes
                0x0000000000000000       0x30
 *(.ARM.attributes)
 .ARM.attributes
                0x0000000000000000       0x22 c:/st/stm32cubeide_1.5.1/stm32cubeide/plugins/com.st.stm32cube.ide.mcu.externaltools.gnu-tools-for-stm32.7-2018-q2-update.win32_1.5.0.202011040924/tools/bin/../lib/gcc/arm-none-eabi/7.3.1/thumb/v7e-m/fpv4-sp/hard/crti.o
 .ARM.attributes
                0x0000000000000022       0x34 c:/st/stm32cubeide_1.5.1/stm32cubeide/plugins/com.st.stm32cube.ide.mcu.externaltools.gnu-tools-for-stm32.7-2018-q2-update.win32_1.5.0.202011040924/tools/bin/../lib/gcc/arm-none-eabi/7.3.1/thumb/v7e-m/fpv4-sp/hard/crtbegin.o
 .ARM.attributes
                0x0000000000000056       0x39 Core/Src/AQM0802.o
 .ARM.attributes
                0x000000000000008f       0x39 Core/Src/Flash_F405.o
 .ARM.attributes
                0x00000000000000c8       0x39 Core/Src/ICM20648.o
 .ARM.attributes
                0x0000000000000101       0x39 Core/Src/INA260.o
 .ARM.attributes
                0x000000000000013a       0x39 Core/Src/main.o
 .ARM.attributes
                0x0000000000000173       0x39 Core/Src/motor_control.o
 .ARM.attributes
                0x00000000000001ac       0x39 Core/Src/sensor.o
 .ARM.attributes
                0x00000000000001e5       0x39 Core/Src/setup.o
 .ARM.attributes
                0x000000000000021e       0x39 Core/Src/stm32f4xx_hal_msp.o
 .ARM.attributes
                0x0000000000000257       0x39 Core/Src/stm32f4xx_it.o
 .ARM.attributes
                0x0000000000000290       0x39 Core/Src/switch.o
 .ARM.attributes
                0x00000000000002c9       0x39 Core/Src/sysmem.o
 .ARM.attributes
                0x0000000000000302       0x39 Core/Src/system_stm32f4xx.o
 .ARM.attributes
                0x000000000000033b       0x21 Core/Startup/startup_stm32f405rgtx.o
 .ARM.attributes
                0x000000000000035c       0x39 Drivers/STM32F4xx_HAL_Driver/Src/stm32f4xx_hal.o
 .ARM.attributes
                0x0000000000000395       0x39 Drivers/STM32F4xx_HAL_Driver/Src/stm32f4xx_hal_adc.o
 .ARM.attributes
                0x00000000000003ce       0x39 Drivers/STM32F4xx_HAL_Driver/Src/stm32f4xx_hal_cortex.o
 .ARM.attributes
                0x0000000000000407       0x39 Drivers/STM32F4xx_HAL_Driver/Src/stm32f4xx_hal_dma.o
 .ARM.attributes
                0x0000000000000440       0x39 Drivers/STM32F4xx_HAL_Driver/Src/stm32f4xx_hal_flash.o
 .ARM.attributes
                0x0000000000000479       0x39 Drivers/STM32F4xx_HAL_Driver/Src/stm32f4xx_hal_flash_ex.o
 .ARM.attributes
                0x00000000000004b2       0x39 Drivers/STM32F4xx_HAL_Driver/Src/stm32f4xx_hal_gpio.o
 .ARM.attributes
                0x00000000000004eb       0x39 Drivers/STM32F4xx_HAL_Driver/Src/stm32f4xx_hal_i2c.o
 .ARM.attributes
                0x0000000000000524       0x39 Drivers/STM32F4xx_HAL_Driver/Src/stm32f4xx_hal_rcc.o
 .ARM.attributes
                0x000000000000055d       0x39 Drivers/STM32F4xx_HAL_Driver/Src/stm32f4xx_hal_spi.o
 .ARM.attributes
                0x0000000000000596       0x39 Drivers/STM32F4xx_HAL_Driver/Src/stm32f4xx_hal_tim.o
 .ARM.attributes
                0x00000000000005cf       0x39 Drivers/STM32F4xx_HAL_Driver/Src/stm32f4xx_hal_tim_ex.o
 .ARM.attributes
                0x0000000000000608       0x39 Drivers/STM32F4xx_HAL_Driver/Src/stm32f4xx_hal_uart.o
 .ARM.attributes
                0x0000000000000641       0x34 c:/st/stm32cubeide_1.5.1/stm32cubeide/plugins/com.st.stm32cube.ide.mcu.externaltools.gnu-tools-for-stm32.7-2018-q2-update.win32_1.5.0.202011040924/tools/bin/../lib/gcc/arm-none-eabi/7.3.1/../../../../arm-none-eabi/lib/thumb/v7e-m/fpv4-sp/hard\libc_nano.a(lib_a-errno.o)
 .ARM.attributes
                0x0000000000000675       0x34 c:/st/stm32cubeide_1.5.1/stm32cubeide/plugins/com.st.stm32cube.ide.mcu.externaltools.gnu-tools-for-stm32.7-2018-q2-update.win32_1.5.0.202011040924/tools/bin/../lib/gcc/arm-none-eabi/7.3.1/../../../../arm-none-eabi/lib/thumb/v7e-m/fpv4-sp/hard\libc_nano.a(lib_a-impure.o)
 .ARM.attributes
                0x00000000000006a9       0x34 c:/st/stm32cubeide_1.5.1/stm32cubeide/plugins/com.st.stm32cube.ide.mcu.externaltools.gnu-tools-for-stm32.7-2018-q2-update.win32_1.5.0.202011040924/tools/bin/../lib/gcc/arm-none-eabi/7.3.1/../../../../arm-none-eabi/lib/thumb/v7e-m/fpv4-sp/hard\libc_nano.a(lib_a-init.o)
 .ARM.attributes
                0x00000000000006dd       0x34 c:/st/stm32cubeide_1.5.1/stm32cubeide/plugins/com.st.stm32cube.ide.mcu.externaltools.gnu-tools-for-stm32.7-2018-q2-update.win32_1.5.0.202011040924/tools/bin/../lib/gcc/arm-none-eabi/7.3.1/../../../../arm-none-eabi/lib/thumb/v7e-m/fpv4-sp/hard\libc_nano.a(lib_a-memcpy-stub.o)
 .ARM.attributes
                0x0000000000000711       0x34 c:/st/stm32cubeide_1.5.1/stm32cubeide/plugins/com.st.stm32cube.ide.mcu.externaltools.gnu-tools-for-stm32.7-2018-q2-update.win32_1.5.0.202011040924/tools/bin/../lib/gcc/arm-none-eabi/7.3.1/../../../../arm-none-eabi/lib/thumb/v7e-m/fpv4-sp/hard\libc_nano.a(lib_a-memset.o)
 .ARM.attributes
                0x0000000000000745       0x34 c:/st/stm32cubeide_1.5.1/stm32cubeide/plugins/com.st.stm32cube.ide.mcu.externaltools.gnu-tools-for-stm32.7-2018-q2-update.win32_1.5.0.202011040924/tools/bin/../lib/gcc/arm-none-eabi/7.3.1/../../../../arm-none-eabi/lib/thumb/v7e-m/fpv4-sp/hard\libc_nano.a(lib_a-vsprintf.o)
 .ARM.attributes
                0x0000000000000779       0x34 c:/st/stm32cubeide_1.5.1/stm32cubeide/plugins/com.st.stm32cube.ide.mcu.externaltools.gnu-tools-for-stm32.7-2018-q2-update.win32_1.5.0.202011040924/tools/bin/../lib/gcc/arm-none-eabi/7.3.1/../../../../arm-none-eabi/lib/thumb/v7e-m/fpv4-sp/hard\libc_nano.a(lib_a-nano-svfprintf.o)
 .ARM.attributes
                0x00000000000007ad       0x34 c:/st/stm32cubeide_1.5.1/stm32cubeide/plugins/com.st.stm32cube.ide.mcu.externaltools.gnu-tools-for-stm32.7-2018-q2-update.win32_1.5.0.202011040924/tools/bin/../lib/gcc/arm-none-eabi/7.3.1/../../../../arm-none-eabi/lib/thumb/v7e-m/fpv4-sp/hard\libc_nano.a(lib_a-nano-vfprintf_i.o)
 .ARM.attributes
                0x00000000000007e1       0x20 c:/st/stm32cubeide_1.5.1/stm32cubeide/plugins/com.st.stm32cube.ide.mcu.externaltools.gnu-tools-for-stm32.7-2018-q2-update.win32_1.5.0.202011040924/tools/bin/../lib/gcc/arm-none-eabi/7.3.1/../../../../arm-none-eabi/lib/thumb/v7e-m/fpv4-sp/hard\libc_nano.a(lib_a-memchr.o)
 .ARM.attributes
                0x0000000000000801       0x34 c:/st/stm32cubeide_1.5.1/stm32cubeide/plugins/com.st.stm32cube.ide.mcu.externaltools.gnu-tools-for-stm32.7-2018-q2-update.win32_1.5.0.202011040924/tools/bin/../lib/gcc/arm-none-eabi/7.3.1/../../../../arm-none-eabi/lib/thumb/v7e-m/fpv4-sp/hard\libc_nano.a(lib_a-memmove.o)
 .ARM.attributes
                0x0000000000000835       0x34 c:/st/stm32cubeide_1.5.1/stm32cubeide/plugins/com.st.stm32cube.ide.mcu.externaltools.gnu-tools-for-stm32.7-2018-q2-update.win32_1.5.0.202011040924/tools/bin/../lib/gcc/arm-none-eabi/7.3.1/../../../../arm-none-eabi/lib/thumb/v7e-m/fpv4-sp/hard\libc_nano.a(lib_a-nano-freer.o)
 .ARM.attributes
                0x0000000000000869       0x34 c:/st/stm32cubeide_1.5.1/stm32cubeide/plugins/com.st.stm32cube.ide.mcu.externaltools.gnu-tools-for-stm32.7-2018-q2-update.win32_1.5.0.202011040924/tools/bin/../lib/gcc/arm-none-eabi/7.3.1/../../../../arm-none-eabi/lib/thumb/v7e-m/fpv4-sp/hard\libc_nano.a(lib_a-nano-mallocr.o)
 .ARM.attributes
                0x000000000000089d       0x34 c:/st/stm32cubeide_1.5.1/stm32cubeide/plugins/com.st.stm32cube.ide.mcu.externaltools.gnu-tools-for-stm32.7-2018-q2-update.win32_1.5.0.202011040924/tools/bin/../lib/gcc/arm-none-eabi/7.3.1/../../../../arm-none-eabi/lib/thumb/v7e-m/fpv4-sp/hard\libc_nano.a(lib_a-nano-reallocr.o)
 .ARM.attributes
                0x00000000000008d1       0x34 c:/st/stm32cubeide_1.5.1/stm32cubeide/plugins/com.st.stm32cube.ide.mcu.externaltools.gnu-tools-for-stm32.7-2018-q2-update.win32_1.5.0.202011040924/tools/bin/../lib/gcc/arm-none-eabi/7.3.1/../../../../arm-none-eabi/lib/thumb/v7e-m/fpv4-sp/hard\libc_nano.a(lib_a-sbrkr.o)
 .ARM.attributes
                0x0000000000000905       0x34 c:/st/stm32cubeide_1.5.1/stm32cubeide/plugins/com.st.stm32cube.ide.mcu.externaltools.gnu-tools-for-stm32.7-2018-q2-update.win32_1.5.0.202011040924/tools/bin/../lib/gcc/arm-none-eabi/7.3.1/../../../../arm-none-eabi/lib/thumb/v7e-m/fpv4-sp/hard\libc_nano.a(lib_a-mlock.o)
 .ARM.attributes
                0x0000000000000939       0x34 c:/st/stm32cubeide_1.5.1/stm32cubeide/plugins/com.st.stm32cube.ide.mcu.externaltools.gnu-tools-for-stm32.7-2018-q2-update.win32_1.5.0.202011040924/tools/bin/../lib/gcc/arm-none-eabi/7.3.1/../../../../arm-none-eabi/lib/thumb/v7e-m/fpv4-sp/hard\libc_nano.a(lib_a-nano-msizer.o)
 .ARM.attributes
                0x000000000000096d       0x34 c:/st/stm32cubeide_1.5.1/stm32cubeide/plugins/com.st.stm32cube.ide.mcu.externaltools.gnu-tools-for-stm32.7-2018-q2-update.win32_1.5.0.202011040924/tools/bin/../lib/gcc/arm-none-eabi/7.3.1/../../../../arm-none-eabi/lib/thumb/v7e-m/fpv4-sp/hard\libc_nano.a(lib_a-reent.o)
 .ARM.attributes
                0x00000000000009a1       0x22 c:/st/stm32cubeide_1.5.1/stm32cubeide/plugins/com.st.stm32cube.ide.mcu.externaltools.gnu-tools-for-stm32.7-2018-q2-update.win32_1.5.0.202011040924/tools/bin/../lib/gcc/arm-none-eabi/7.3.1/thumb/v7e-m/fpv4-sp/hard\libgcc.a(_arm_addsubdf3.o)
 .ARM.attributes
                0x00000000000009c3       0x22 c:/st/stm32cubeide_1.5.1/stm32cubeide/plugins/com.st.stm32cube.ide.mcu.externaltools.gnu-tools-for-stm32.7-2018-q2-update.win32_1.5.0.202011040924/tools/bin/../lib/gcc/arm-none-eabi/7.3.1/thumb/v7e-m/fpv4-sp/hard\libgcc.a(_arm_addsubsf3.o)
 .ARM.attributes
                0x00000000000009e5       0x22 c:/st/stm32cubeide_1.5.1/stm32cubeide/plugins/com.st.stm32cube.ide.mcu.externaltools.gnu-tools-for-stm32.7-2018-q2-update.win32_1.5.0.202011040924/tools/bin/../lib/gcc/arm-none-eabi/7.3.1/thumb/v7e-m/fpv4-sp/hard\libgcc.a(_aeabi_uldivmod.o)
 .ARM.attributes
                0x0000000000000a07       0x34 c:/st/stm32cubeide_1.5.1/stm32cubeide/plugins/com.st.stm32cube.ide.mcu.externaltools.gnu-tools-for-stm32.7-2018-q2-update.win32_1.5.0.202011040924/tools/bin/../lib/gcc/arm-none-eabi/7.3.1/thumb/v7e-m/fpv4-sp/hard\libgcc.a(_fixsfdi.o)
 .ARM.attributes
                0x0000000000000a3b       0x34 c:/st/stm32cubeide_1.5.1/stm32cubeide/plugins/com.st.stm32cube.ide.mcu.externaltools.gnu-tools-for-stm32.7-2018-q2-update.win32_1.5.0.202011040924/tools/bin/../lib/gcc/arm-none-eabi/7.3.1/thumb/v7e-m/fpv4-sp/hard\libgcc.a(_fixunssfdi.o)
 .ARM.attributes
                0x0000000000000a6f       0x34 c:/st/stm32cubeide_1.5.1/stm32cubeide/plugins/com.st.stm32cube.ide.mcu.externaltools.gnu-tools-for-stm32.7-2018-q2-update.win32_1.5.0.202011040924/tools/bin/../lib/gcc/arm-none-eabi/7.3.1/thumb/v7e-m/fpv4-sp/hard\libgcc.a(_udivmoddi4.o)
 .ARM.attributes
                0x0000000000000aa3       0x22 c:/st/stm32cubeide_1.5.1/stm32cubeide/plugins/com.st.stm32cube.ide.mcu.externaltools.gnu-tools-for-stm32.7-2018-q2-update.win32_1.5.0.202011040924/tools/bin/../lib/gcc/arm-none-eabi/7.3.1/thumb/v7e-m/fpv4-sp/hard\libgcc.a(_dvmd_tls.o)
 .ARM.attributes
                0x0000000000000ac5       0x22 c:/st/stm32cubeide_1.5.1/stm32cubeide/plugins/com.st.stm32cube.ide.mcu.externaltools.gnu-tools-for-stm32.7-2018-q2-update.win32_1.5.0.202011040924/tools/bin/../lib/gcc/arm-none-eabi/7.3.1/thumb/v7e-m/fpv4-sp/hard\libgcc.a(_arm_muldivdf3.o)
 .ARM.attributes
                0x0000000000000ae7       0x22 c:/st/stm32cubeide_1.5.1/stm32cubeide/plugins/com.st.stm32cube.ide.mcu.externaltools.gnu-tools-for-stm32.7-2018-q2-update.win32_1.5.0.202011040924/tools/bin/../lib/gcc/arm-none-eabi/7.3.1/thumb/v7e-m/fpv4-sp/hard\libgcc.a(_arm_fixunsdfsi.o)
 .ARM.attributes
                0x0000000000000b09       0x22 c:/st/stm32cubeide_1.5.1/stm32cubeide/plugins/com.st.stm32cube.ide.mcu.externaltools.gnu-tools-for-stm32.7-2018-q2-update.win32_1.5.0.202011040924/tools/bin/../lib/gcc/arm-none-eabi/7.3.1/thumb/v7e-m/fpv4-sp/hard/crtn.o
OUTPUT(robotoreV3.elf elf32-littlearm)

.debug_info     0x0000000000000000    0x1b29b
 .debug_info    0x0000000000000000      0xff2 Core/Src/AQM0802.o
 .debug_info    0x0000000000000ff2      0xd91 Core/Src/Flash_F405.o
 .debug_info    0x0000000000001d83      0x8a1 Core/Src/ICM20648.o
 .debug_info    0x0000000000002624      0x75f Core/Src/INA260.o
 .debug_info    0x0000000000002d83     0x27d5 Core/Src/main.o
 .debug_info    0x0000000000005558     0x1ecd Core/Src/motor_control.o
 .debug_info    0x0000000000007425     0x1180 Core/Src/sensor.o
 .debug_info    0x00000000000085a5     0x1c6f Core/Src/setup.o
 .debug_info    0x000000000000a214     0x19ce Core/Src/stm32f4xx_hal_msp.o
 .debug_info    0x000000000000bbe2      0x76e Core/Src/stm32f4xx_it.o
 .debug_info    0x000000000000c350     0x127a Core/Src/switch.o
 .debug_info    0x000000000000d5ca      0x985 Core/Src/sysmem.o
 .debug_info    0x000000000000df4f      0x554 Core/Src/system_stm32f4xx.o
 .debug_info    0x000000000000e4a3       0x22 Core/Startup/startup_stm32f405rgtx.o
 .debug_info    0x000000000000e4c5      0x933 Drivers/STM32F4xx_HAL_Driver/Src/stm32f4xx_hal.o
 .debug_info    0x000000000000edf8      0xcee Drivers/STM32F4xx_HAL_Driver/Src/stm32f4xx_hal_adc.o
 .debug_info    0x000000000000fae6      0xe16 Drivers/STM32F4xx_HAL_Driver/Src/stm32f4xx_hal_cortex.o
 .debug_info    0x00000000000108fc      0x968 Drivers/STM32F4xx_HAL_Driver/Src/stm32f4xx_hal_dma.o
 .debug_info    0x0000000000011264      0x622 Drivers/STM32F4xx_HAL_Driver/Src/stm32f4xx_hal_flash.o
 .debug_info    0x0000000000011886      0x721 Drivers/STM32F4xx_HAL_Driver/Src/stm32f4xx_hal_flash_ex.o
 .debug_info    0x0000000000011fa7      0x7b5 Drivers/STM32F4xx_HAL_Driver/Src/stm32f4xx_hal_gpio.o
 .debug_info    0x000000000001275c     0x23b5 Drivers/STM32F4xx_HAL_Driver/Src/stm32f4xx_hal_i2c.o
 .debug_info    0x0000000000014b11      0x904 Drivers/STM32F4xx_HAL_Driver/Src/stm32f4xx_hal_rcc.o
 .debug_info    0x0000000000015415     0x163a Drivers/STM32F4xx_HAL_Driver/Src/stm32f4xx_hal_spi.o
 .debug_info    0x0000000000016a4f     0x24a9 Drivers/STM32F4xx_HAL_Driver/Src/stm32f4xx_hal_tim.o
 .debug_info    0x0000000000018ef8     0x1157 Drivers/STM32F4xx_HAL_Driver/Src/stm32f4xx_hal_tim_ex.o
 .debug_info    0x000000000001a04f     0x124c Drivers/STM32F4xx_HAL_Driver/Src/stm32f4xx_hal_uart.o

.debug_abbrev   0x0000000000000000     0x3527
 .debug_abbrev  0x0000000000000000      0x23e Core/Src/AQM0802.o
 .debug_abbrev  0x000000000000023e      0x215 Core/Src/Flash_F405.o
 .debug_abbrev  0x0000000000000453      0x1db Core/Src/ICM20648.o
 .debug_abbrev  0x000000000000062e      0x19b Core/Src/INA260.o
 .debug_abbrev  0x00000000000007c9      0x2be Core/Src/main.o
 .debug_abbrev  0x0000000000000a87      0x239 Core/Src/motor_control.o
 .debug_abbrev  0x0000000000000cc0      0x1c8 Core/Src/sensor.o
 .debug_abbrev  0x0000000000000e88      0x205 Core/Src/setup.o
 .debug_abbrev  0x000000000000108d      0x1f8 Core/Src/stm32f4xx_hal_msp.o
 .debug_abbrev  0x0000000000001285      0x172 Core/Src/stm32f4xx_it.o
 .debug_abbrev  0x00000000000013f7      0x1cf Core/Src/switch.o
 .debug_abbrev  0x00000000000015c6      0x19b Core/Src/sysmem.o
 .debug_abbrev  0x0000000000001761      0x12b Core/Src/system_stm32f4xx.o
 .debug_abbrev  0x000000000000188c       0x12 Core/Startup/startup_stm32f405rgtx.o
 .debug_abbrev  0x000000000000189e      0x1c7 Drivers/STM32F4xx_HAL_Driver/Src/stm32f4xx_hal.o
 .debug_abbrev  0x0000000000001a65      0x205 Drivers/STM32F4xx_HAL_Driver/Src/stm32f4xx_hal_adc.o
 .debug_abbrev  0x0000000000001c6a      0x2fa Drivers/STM32F4xx_HAL_Driver/Src/stm32f4xx_hal_cortex.o
 .debug_abbrev  0x0000000000001f64      0x229 Drivers/STM32F4xx_HAL_Driver/Src/stm32f4xx_hal_dma.o
 .debug_abbrev  0x000000000000218d      0x248 Drivers/STM32F4xx_HAL_Driver/Src/stm32f4xx_hal_flash.o
 .debug_abbrev  0x00000000000023d5      0x220 Drivers/STM32F4xx_HAL_Driver/Src/stm32f4xx_hal_flash_ex.o
 .debug_abbrev  0x00000000000025f5      0x1c9 Drivers/STM32F4xx_HAL_Driver/Src/stm32f4xx_hal_gpio.o
 .debug_abbrev  0x00000000000027be      0x254 Drivers/STM32F4xx_HAL_Driver/Src/stm32f4xx_hal_i2c.o
 .debug_abbrev  0x0000000000002a12      0x245 Drivers/STM32F4xx_HAL_Driver/Src/stm32f4xx_hal_rcc.o
 .debug_abbrev  0x0000000000002c57      0x240 Drivers/STM32F4xx_HAL_Driver/Src/stm32f4xx_hal_spi.o
 .debug_abbrev  0x0000000000002e97      0x230 Drivers/STM32F4xx_HAL_Driver/Src/stm32f4xx_hal_tim.o
 .debug_abbrev  0x00000000000030c7      0x21e Drivers/STM32F4xx_HAL_Driver/Src/stm32f4xx_hal_tim_ex.o
 .debug_abbrev  0x00000000000032e5      0x242 Drivers/STM32F4xx_HAL_Driver/Src/stm32f4xx_hal_uart.o

.debug_aranges  0x0000000000000000     0x1520
 .debug_aranges
                0x0000000000000000       0x50 Core/Src/AQM0802.o
 .debug_aranges
                0x0000000000000050       0x88 Core/Src/Flash_F405.o
 .debug_aranges
                0x00000000000000d8       0x50 Core/Src/ICM20648.o
 .debug_aranges
                0x0000000000000128       0x38 Core/Src/INA260.o
 .debug_aranges
                0x0000000000000160       0xb0 Core/Src/main.o
 .debug_aranges
                0x0000000000000210       0x38 Core/Src/motor_control.o
 .debug_aranges
                0x0000000000000248       0x38 Core/Src/sensor.o
 .debug_aranges
                0x0000000000000280       0x20 Core/Src/setup.o
 .debug_aranges
                0x00000000000002a0       0x98 Core/Src/stm32f4xx_hal_msp.o
 .debug_aranges
                0x0000000000000338       0x90 Core/Src/stm32f4xx_it.o
 .debug_aranges
                0x00000000000003c8       0x20 Core/Src/switch.o
 .debug_aranges
                0x00000000000003e8       0x20 Core/Src/sysmem.o
 .debug_aranges
                0x0000000000000408       0x28 Core/Src/system_stm32f4xx.o
 .debug_aranges
                0x0000000000000430       0x28 Core/Startup/startup_stm32f405rgtx.o
 .debug_aranges
                0x0000000000000458       0xf0 Drivers/STM32F4xx_HAL_Driver/Src/stm32f4xx_hal.o
 .debug_aranges
                0x0000000000000548       0xe8 Drivers/STM32F4xx_HAL_Driver/Src/stm32f4xx_hal_adc.o
 .debug_aranges
                0x0000000000000630      0x118 Drivers/STM32F4xx_HAL_Driver/Src/stm32f4xx_hal_cortex.o
 .debug_aranges
                0x0000000000000748       0x90 Drivers/STM32F4xx_HAL_Driver/Src/stm32f4xx_hal_dma.o
 .debug_aranges
                0x00000000000007d8       0xa0 Drivers/STM32F4xx_HAL_Driver/Src/stm32f4xx_hal_flash.o
 .debug_aranges
                0x0000000000000878       0x98 Drivers/STM32F4xx_HAL_Driver/Src/stm32f4xx_hal_flash_ex.o
 .debug_aranges
                0x0000000000000910       0x58 Drivers/STM32F4xx_HAL_Driver/Src/stm32f4xx_hal_gpio.o
 .debug_aranges
                0x0000000000000968      0x298 Drivers/STM32F4xx_HAL_Driver/Src/stm32f4xx_hal_i2c.o
 .debug_aranges
                0x0000000000000c00       0x88 Drivers/STM32F4xx_HAL_Driver/Src/stm32f4xx_hal_rcc.o
 .debug_aranges
                0x0000000000000c88      0x1d0 Drivers/STM32F4xx_HAL_Driver/Src/stm32f4xx_hal_spi.o
 .debug_aranges
                0x0000000000000e58      0x3a8 Drivers/STM32F4xx_HAL_Driver/Src/stm32f4xx_hal_tim.o
 .debug_aranges
                0x0000000000001200      0x150 Drivers/STM32F4xx_HAL_Driver/Src/stm32f4xx_hal_tim_ex.o
 .debug_aranges
                0x0000000000001350      0x1d0 Drivers/STM32F4xx_HAL_Driver/Src/stm32f4xx_hal_uart.o

.debug_ranges   0x0000000000000000     0x1398
 .debug_ranges  0x0000000000000000       0x40 Core/Src/AQM0802.o
 .debug_ranges  0x0000000000000040       0x78 Core/Src/Flash_F405.o
 .debug_ranges  0x00000000000000b8       0x40 Core/Src/ICM20648.o
 .debug_ranges  0x00000000000000f8       0x28 Core/Src/INA260.o
 .debug_ranges  0x0000000000000120       0xa0 Core/Src/main.o
 .debug_ranges  0x00000000000001c0       0x28 Core/Src/motor_control.o
 .debug_ranges  0x00000000000001e8       0x28 Core/Src/sensor.o
 .debug_ranges  0x0000000000000210       0x10 Core/Src/setup.o
 .debug_ranges  0x0000000000000220       0x88 Core/Src/stm32f4xx_hal_msp.o
 .debug_ranges  0x00000000000002a8       0x80 Core/Src/stm32f4xx_it.o
 .debug_ranges  0x0000000000000328       0x10 Core/Src/switch.o
 .debug_ranges  0x0000000000000338       0x10 Core/Src/sysmem.o
 .debug_ranges  0x0000000000000348       0x18 Core/Src/system_stm32f4xx.o
 .debug_ranges  0x0000000000000360       0x20 Core/Startup/startup_stm32f405rgtx.o
 .debug_ranges  0x0000000000000380       0xe0 Drivers/STM32F4xx_HAL_Driver/Src/stm32f4xx_hal.o
 .debug_ranges  0x0000000000000460       0xd8 Drivers/STM32F4xx_HAL_Driver/Src/stm32f4xx_hal_adc.o
 .debug_ranges  0x0000000000000538      0x108 Drivers/STM32F4xx_HAL_Driver/Src/stm32f4xx_hal_cortex.o
 .debug_ranges  0x0000000000000640       0x80 Drivers/STM32F4xx_HAL_Driver/Src/stm32f4xx_hal_dma.o
 .debug_ranges  0x00000000000006c0       0x90 Drivers/STM32F4xx_HAL_Driver/Src/stm32f4xx_hal_flash.o
 .debug_ranges  0x0000000000000750       0x88 Drivers/STM32F4xx_HAL_Driver/Src/stm32f4xx_hal_flash_ex.o
 .debug_ranges  0x00000000000007d8       0x48 Drivers/STM32F4xx_HAL_Driver/Src/stm32f4xx_hal_gpio.o
 .debug_ranges  0x0000000000000820      0x2a8 Drivers/STM32F4xx_HAL_Driver/Src/stm32f4xx_hal_i2c.o
 .debug_ranges  0x0000000000000ac8       0x78 Drivers/STM32F4xx_HAL_Driver/Src/stm32f4xx_hal_rcc.o
 .debug_ranges  0x0000000000000b40      0x1c0 Drivers/STM32F4xx_HAL_Driver/Src/stm32f4xx_hal_spi.o
 .debug_ranges  0x0000000000000d00      0x398 Drivers/STM32F4xx_HAL_Driver/Src/stm32f4xx_hal_tim.o
 .debug_ranges  0x0000000000001098      0x140 Drivers/STM32F4xx_HAL_Driver/Src/stm32f4xx_hal_tim_ex.o
 .debug_ranges  0x00000000000011d8      0x1c0 Drivers/STM32F4xx_HAL_Driver/Src/stm32f4xx_hal_uart.o

.debug_macro    0x0000000000000000    0x22b66
 .debug_macro   0x0000000000000000      0x384 Core/Src/AQM0802.o
 .debug_macro   0x0000000000000384      0xa5a Core/Src/AQM0802.o
 .debug_macro   0x0000000000000dde      0x19c Core/Src/AQM0802.o
 .debug_macro   0x0000000000000f7a       0x32 Core/Src/AQM0802.o
 .debug_macro   0x0000000000000fac       0x2f Core/Src/AQM0802.o
 .debug_macro   0x0000000000000fdb       0x22 Core/Src/AQM0802.o
 .debug_macro   0x0000000000000ffd       0x8e Core/Src/AQM0802.o
 .debug_macro   0x000000000000108b       0x51 Core/Src/AQM0802.o
 .debug_macro   0x00000000000010dc       0xef Core/Src/AQM0802.o
 .debug_macro   0x00000000000011cb       0x6a Core/Src/AQM0802.o
 .debug_macro   0x0000000000001235      0x1df Core/Src/AQM0802.o
 .debug_macro   0x0000000000001414       0x1c Core/Src/AQM0802.o
 .debug_macro   0x0000000000001430       0x22 Core/Src/AQM0802.o
 .debug_macro   0x0000000000001452       0xdf Core/Src/AQM0802.o
 .debug_macro   0x0000000000001531     0x102d Core/Src/AQM0802.o
 .debug_macro   0x000000000000255e      0x11f Core/Src/AQM0802.o
 .debug_macro   0x000000000000267d    0x14251 Core/Src/AQM0802.o
 .debug_macro   0x00000000000168ce       0x43 Core/Src/AQM0802.o
 .debug_macro   0x0000000000016911     0x3652 Core/Src/AQM0802.o
 .debug_macro   0x0000000000019f63      0x174 Core/Src/AQM0802.o
 .debug_macro   0x000000000001a0d7       0x5a Core/Src/AQM0802.o
 .debug_macro   0x000000000001a131      0x8a7 Core/Src/AQM0802.o
 .debug_macro   0x000000000001a9d8      0x9fe Core/Src/AQM0802.o
 .debug_macro   0x000000000001b3d6      0x174 Core/Src/AQM0802.o
 .debug_macro   0x000000000001b54a      0x117 Core/Src/AQM0802.o
 .debug_macro   0x000000000001b661      0x130 Core/Src/AQM0802.o
 .debug_macro   0x000000000001b791       0x27 Core/Src/AQM0802.o
 .debug_macro   0x000000000001b7b8      0x287 Core/Src/AQM0802.o
 .debug_macro   0x000000000001ba3f       0x5f Core/Src/AQM0802.o
 .debug_macro   0x000000000001ba9e      0x236 Core/Src/AQM0802.o
 .debug_macro   0x000000000001bcd4      0x391 Core/Src/AQM0802.o
 .debug_macro   0x000000000001c065      0x176 Core/Src/AQM0802.o
 .debug_macro   0x000000000001c1db       0xf9 Core/Src/AQM0802.o
 .debug_macro   0x000000000001c2d4      0x12c Core/Src/AQM0802.o
 .debug_macro   0x000000000001c400      0x21e Core/Src/AQM0802.o
 .debug_macro   0x000000000001c61e       0x2e Core/Src/AQM0802.o
 .debug_macro   0x000000000001c64c      0x1b5 Core/Src/AQM0802.o
 .debug_macro   0x000000000001c801       0xd6 Core/Src/AQM0802.o
 .debug_macro   0x000000000001c8d7      0x11a Core/Src/AQM0802.o
 .debug_macro   0x000000000001c9f1       0x7e Core/Src/AQM0802.o
 .debug_macro   0x000000000001ca6f       0x89 Core/Src/AQM0802.o
 .debug_macro   0x000000000001caf8      0x225 Core/Src/AQM0802.o
 .debug_macro   0x000000000001cd1d      0x8a0 Core/Src/AQM0802.o
 .debug_macro   0x000000000001d5bd       0x47 Core/Src/AQM0802.o
 .debug_macro   0x000000000001d604      0x287 Core/Src/AQM0802.o
 .debug_macro   0x000000000001d88b      0x12d Core/Src/AQM0802.o
 .debug_macro   0x000000000001d9b8       0x46 Core/Src/AQM0802.o
 .debug_macro   0x000000000001d9fe       0x18 Core/Src/AQM0802.o
 .debug_macro   0x000000000001da16       0x3c Core/Src/AQM0802.o
 .debug_macro   0x000000000001da52       0x34 Core/Src/AQM0802.o
 .debug_macro   0x000000000001da86       0x16 Core/Src/AQM0802.o
 .debug_macro   0x000000000001da9c       0x35 Core/Src/AQM0802.o
 .debug_macro   0x000000000001dad1      0x32a Core/Src/AQM0802.o
 .debug_macro   0x000000000001ddfb       0x10 Core/Src/AQM0802.o
 .debug_macro   0x000000000001de0b       0x52 Core/Src/AQM0802.o
 .debug_macro   0x000000000001de5d       0x1f Core/Src/AQM0802.o
 .debug_macro   0x000000000001de7c       0x43 Core/Src/AQM0802.o
 .debug_macro   0x000000000001debf       0x20 Core/Src/AQM0802.o
 .debug_macro   0x000000000001dedf      0x1a3 Core/Src/AQM0802.o
 .debug_macro   0x000000000001e082       0x10 Core/Src/AQM0802.o
 .debug_macro   0x000000000001e092       0x1c Core/Src/AQM0802.o
 .debug_macro   0x000000000001e0ae       0x52 Core/Src/AQM0802.o
 .debug_macro   0x000000000001e100       0x40 Core/Src/AQM0802.o
 .debug_macro   0x000000000001e140       0x10 Core/Src/AQM0802.o
 .debug_macro   0x000000000001e150       0x40 Core/Src/AQM0802.o
 .debug_macro   0x000000000001e190       0xd7 Core/Src/AQM0802.o
 .debug_macro   0x000000000001e267       0x1c Core/Src/AQM0802.o
 .debug_macro   0x000000000001e283       0x3d Core/Src/AQM0802.o