main.c:95:6:init	8	static
main.c:144:6:HAL_TIM_PeriodElapsedCallback	16	static
main.c:239:5:main	8	static
main.c:301:6:SystemClock_Config	88	static
main.c:344:13:MX_ADC1_Init	24	static
main.c:498:13:MX_I2C1_Init	8	static
main.c:532:13:MX_I2C2_Init	8	static
main.c:566:13:MX_SPI3_Init	8	static
main.c:604:13:MX_TIM1_Init	56	static
main.c:654:13:MX_TIM2_Init	48	static
main.c:703:13:MX_TIM3_Init	48	static
main.c:764:13:MX_TIM6_Init	16	static
main.c:802:13:MX_TIM7_Init	16	static
main.c:840:13:MX_TIM8_Init	56	static
main.c:890:13:MX_TIM12_Init	40	static
main.c:936:13:MX_USART1_UART_Init	8	static
main.c:967:13:MX_DMA_Init	16	static
main.c:985:13:MX_GPIO_Init	48	static
main.c:1067:6:Error_Handler	4	static
