main.c:94:6:init	8	static
main.c:143:6:HAL_TIM_PeriodElapsedCallback	16	static
main.c:179:5:main	8	static
main.c:241:6:SystemClock_Config	88	static
main.c:284:13:MX_ADC1_Init	24	static
main.c:438:13:MX_I2C1_Init	8	static
main.c:472:13:MX_I2C2_Init	8	static
main.c:506:13:MX_SPI3_Init	8	static
main.c:544:13:MX_TIM1_Init	56	static
main.c:594:13:MX_TIM2_Init	48	static
main.c:643:13:MX_TIM3_Init	48	static
main.c:704:13:MX_TIM6_Init	16	static
main.c:742:13:MX_TIM7_Init	16	static
main.c:780:13:MX_TIM8_Init	56	static
main.c:830:13:MX_TIM12_Init	40	static
main.c:876:13:MX_USART1_UART_Init	8	static
main.c:907:13:MX_DMA_Init	16	static
main.c:925:13:MX_GPIO_Init	48	static
main.c:1007:6:Error_Handler	4	static
